ARM Linker, 5.03 [Build 69] [MDK-ARM Standard]

==============================================================================

Section Cross References

    startup_stm32f4xx.o(RESET) refers to startup_stm32f4xx.o(STACK) for __initial_sp
    startup_stm32f4xx.o(RESET) refers to startup_stm32f4xx.o(.text) for Reset_Handler
    startup_stm32f4xx.o(RESET) refers to stm32f4xx_it.o(.text) for NMI_Handler
    startup_stm32f4xx.o(RESET) refers to main.o(.text) for TIM3_IRQHandler
    startup_stm32f4xx.o(.text) refers to system_stm32f4xx.o(.text) for SystemInit
    startup_stm32f4xx.o(.text) refers to entry.o(.ARM.Collect$$$$00000000) for __main
    main.o(.text) refers to stm32f4xx_gpio.o(.text) for GPIO_ResetBits
    main.o(.text) refers to myfunction.o(.text) for delay_ms
    main.o(.text) refers to main.o(.constdata) for font6x8
    main.o(.text) refers to stm32f4xx_tim.o(.text) for TIM_Cmd
    main.o(.text) refers to stm32f4xx_rcc.o(.text) for RCC_APB1PeriphClockCmd
    main.o(.text) refers to stm32f4xx_usart.o(.text) for USART_SendData
    main.o(.text) refers to fflti.o(.text) for __aeabi_i2f
    main.o(.text) refers to fmul.o(.text) for __aeabi_fmul
    main.o(.text) refers to fadd.o(.text) for __aeabi_fadd
    main.o(.text) refers to system_config.o(.text) for RCC_Config
    main.o(.text) refers to adc.o(.text) for ADC_INIT
    main.o(.text) refers to usart_config.o(.text) for USART_Config
    main.o(.text) refers to counter.o(.text) for TIM_Mode_Config
    main.o(.text) refers to lcd.o(.text) for LCD_Init
    main.o(.text) refers to main.o(.data) for D_angle
    main.o(.text) refers to filter.o(.text) for filter_init
    main.o(.text) refers to pid.o(.text) for pid_init
    main.o(.text) refers to ffixi.o(.text) for __aeabi_f2iz
    stm32f4xx_it.o(.text) refers to myfunction.o(.text) for TimingDelay_Decrement
    stm32f4xx_adc.o(.text) refers to stm32f4xx_rcc.o(.text) for RCC_APB2PeriphResetCmd
    stm32f4xx_can.o(.text) refers to stm32f4xx_rcc.o(.text) for RCC_APB1PeriphResetCmd
    stm32f4xx_cryp.o(.text) refers to stm32f4xx_rcc.o(.text) for RCC_AHB2PeriphResetCmd
    stm32f4xx_cryp_aes.o(.text) refers to stm32f4xx_cryp.o(.text) for CRYP_KeyStructInit
    stm32f4xx_cryp_des.o(.text) refers to stm32f4xx_cryp.o(.text) for CRYP_KeyStructInit
    stm32f4xx_cryp_tdes.o(.text) refers to stm32f4xx_cryp.o(.text) for CRYP_KeyStructInit
    stm32f4xx_dac.o(.text) refers to stm32f4xx_rcc.o(.text) for RCC_APB1PeriphResetCmd
    stm32f4xx_gpio.o(.text) refers to stm32f4xx_rcc.o(.text) for RCC_AHB1PeriphResetCmd
    stm32f4xx_hash.o(.text) refers to stm32f4xx_rcc.o(.text) for RCC_AHB2PeriphResetCmd
    stm32f4xx_hash_md5.o(.text) refers to stm32f4xx_hash.o(.text) for HASH_DeInit
    stm32f4xx_hash_sha1.o(.text) refers to stm32f4xx_hash.o(.text) for HASH_DeInit
    stm32f4xx_i2c.o(.text) refers to stm32f4xx_rcc.o(.text) for RCC_APB1PeriphResetCmd
    stm32f4xx_pwr.o(.text) refers to stm32f4xx_rcc.o(.text) for RCC_APB1PeriphResetCmd
    stm32f4xx_rcc.o(.text) refers to stm32f4xx_rcc.o(.data) for APBAHBPrescTable
    stm32f4xx_rng.o(.text) refers to stm32f4xx_rcc.o(.text) for RCC_AHB2PeriphResetCmd
    stm32f4xx_sdio.o(.text) refers to stm32f4xx_rcc.o(.text) for RCC_APB2PeriphResetCmd
    stm32f4xx_spi.o(.text) refers to stm32f4xx_rcc.o(.text) for RCC_APB2PeriphResetCmd
    stm32f4xx_syscfg.o(.text) refers to stm32f4xx_rcc.o(.text) for RCC_APB2PeriphResetCmd
    stm32f4xx_tim.o(.text) refers to stm32f4xx_rcc.o(.text) for RCC_APB2PeriphResetCmd
    stm32f4xx_usart.o(.text) refers to stm32f4xx_rcc.o(.text) for RCC_APB2PeriphResetCmd
    stm32f4xx_wwdg.o(.text) refers to stm32f4xx_rcc.o(.text) for RCC_APB1PeriphResetCmd
    system_stm32f4xx.o(.text) refers to system_stm32f4xx.o(.data) for SystemCoreClock
    24l01.o(.text) refers to stm32f4xx_gpio.o(.text) for GPIO_PinAFConfig
    24l01.o(.text) refers to stm32f4xx_spi.o(.text) for SPI_Cmd
    24l01.o(.text) refers to stm32f4xx_rcc.o(.text) for RCC_APB1PeriphClockCmd
    24l01.o(.text) refers to 24l01.o(.constdata) for RX_ADDRESS
    counter.o(.text) refers to stm32f4xx_gpio.o(.text) for GPIO_StructInit
    counter.o(.text) refers to stm32f4xx_tim.o(.text) for TIM_DeInit
    counter.o(.text) refers to stm32f4xx_rcc.o(.text) for RCC_APB1PeriphClockCmd
    counter.o(.text) refers to misc.o(.text) for NVIC_Init
    lcd.o(.text) refers to myfunction.o(.text) for delay_us
    lcd.o(.text) refers to lcd.o(.bss) for lcddev
    lcd.o(.text) refers to stm32f4xx_rcc.o(.text) for RCC_AHB3PeriphClockCmd
    lcd.o(.text) refers to stm32f4xx_gpio.o(.text) for GPIO_Init
    lcd.o(.text) refers to stm32f4xx_fsmc.o(.text) for FSMC_NORSRAMCmd
    lcd.o(.text) refers to lcd.o(.data) for POINT_COLOR
    lcd.o(.text) refers to printf5.o(i.__0printf$5) for __2printf
    lcd.o(.text) refers to lcd.o(.constdata) for asc2_1206
    myfunction.o(.text) refers to stm32f4xx_usart.o(.text) for USART_SendData
    myfunction.o(.text) refers to system_stm32f4xx.o(.data) for SystemCoreClock
[...]
    Removing stm32f4xx_dac.o(.text), (528 bytes).
    Removing stm32f4xx_dbgmcu.o(.rev16_text), (4 bytes).
    Removing stm32f4xx_dbgmcu.o(.revsh_text), (4 bytes).
    Removing stm32f4xx_dbgmcu.o(.text), (100 bytes).
    Removing stm32f4xx_dcmi.o(.rev16_text), (4 bytes).
    Removing stm32f4xx_dcmi.o(.revsh_text), (4 bytes).
    Removing stm32f4xx_dcmi.o(.text), (396 bytes).
    Removing stm32f4xx_dma.o(.rev16_text), (4 bytes).
    Removing stm32f4xx_dma.o(.revsh_text), (4 bytes).
    Removing stm32f4xx_exti.o(.rev16_text), (4 bytes).
    Removing stm32f4xx_exti.o(.revsh_text), (4 bytes).
    Removing stm32f4xx_exti.o(.text), (284 bytes).
    Removing stm32f4xx_flash.o(.rev16_text), (4 bytes).
    Removing stm32f4xx_flash.o(.revsh_text), (4 bytes).
    Removing stm32f4xx_flash.o(.text), (1224 bytes).
    Removing stm32f4xx_fsmc.o(.rev16_text), (4 bytes).
    Removing stm32f4xx_fsmc.o(.revsh_text), (4 bytes).
    Removing stm32f4xx_gpio.o(.rev16_text), (4 bytes).
    Removing stm32f4xx_gpio.o(.revsh_text), (4 bytes).
    Removing stm32f4xx_hash.o(.rev16_text), (4 bytes).
    Removing stm32f4xx_hash.o(.revsh_text), (4 bytes).
    Removing stm32f4xx_hash.o(.text), (496 bytes).
    Removing stm32f4xx_hash_md5.o(.rev16_text), (4 bytes).
    Removing stm32f4xx_hash_md5.o(.revsh_text), (4 bytes).
    Removing stm32f4xx_hash_md5.o(.text), (534 bytes).
    Removing stm32f4xx_hash_sha1.o(.rev16_text), (4 bytes).
    Removing stm32f4xx_hash_sha1.o(.revsh_text), (4 bytes).
    Removing stm32f4xx_hash_sha1.o(.text), (548 bytes).
    Removing stm32f4xx_i2c.o(.rev16_text), (4 bytes).
    Removing stm32f4xx_i2c.o(.revsh_text), (4 bytes).
    Removing stm32f4xx_i2c.o(.text), (1064 bytes).
    Removing stm32f4xx_iwdg.o(.rev16_text), (4 bytes).
    Removing stm32f4xx_iwdg.o(.revsh_text), (4 bytes).
    Removing stm32f4xx_iwdg.o(.text), (64 bytes).
    Removing stm32f4xx_pwr.o(.rev16_text), (4 bytes).
    Removing stm32f4xx_pwr.o(.revsh_text), (4 bytes).
    Removing stm32f4xx_pwr.o(.text), (252 bytes).
    Removing stm32f4xx_rcc.o(.rev16_text), (4 bytes).
    Removing stm32f4xx_rcc.o(.revsh_text), (4 bytes).
    Removing stm32f4xx_rng.o(.rev16_text), (4 bytes).
    Removing stm32f4xx_rng.o(.revsh_text), (4 bytes).
    Removing stm32f4xx_rng.o(.text), (160 bytes).
    Removing stm32f4xx_rtc.o(.rev16_text), (4 bytes).
    Removing stm32f4xx_rtc.o(.revsh_text), (4 bytes).
    Removing stm32f4xx_rtc.o(.text), (3376 bytes).
    Removing stm32f4xx_sdio.o(.rev16_text), (4 bytes).
    Removing stm32f4xx_sdio.o(.revsh_text), (4 bytes).
    Removing stm32f4xx_sdio.o(.text), (484 bytes).
    Removing stm32f4xx_spi.o(.rev16_text), (4 bytes).
    Removing stm32f4xx_spi.o(.revsh_text), (4 bytes).
    Removing stm32f4xx_spi.o(.text), (1012 bytes).
    Removing stm32f4xx_syscfg.o(.rev16_text), (4 bytes).
    Removing stm32f4xx_syscfg.o(.revsh_text), (4 bytes).
    Removing stm32f4xx_syscfg.o(.text), (140 bytes).
    Removing stm32f4xx_tim.o(.rev16_text), (4 bytes).
    Removing stm32f4xx_tim.o(.revsh_text), (4 bytes).
    Removing stm32f4xx_usart.o(.rev16_text), (4 bytes).
    Removing stm32f4xx_usart.o(.revsh_text), (4 bytes).
    Removing stm32f4xx_wwdg.o(.rev16_text), (4 bytes).
    Removing stm32f4xx_wwdg.o(.revsh_text), (4 bytes).
    Removing stm32f4xx_wwdg.o(.text), (144 bytes).
    Removing system_stm32f4xx.o(.rev16_text), (4 bytes).
    Removing system_stm32f4xx.o(.revsh_text), (4 bytes).
    Removing 24l01.o(.rev16_text), (4 bytes).
    Removing 24l01.o(.revsh_text), (4 bytes).
    Removing 24l01.o(.text), (936 bytes).
    Removing 24l01.o(.constdata), (10 bytes).
    Removing counter.o(.rev16_text), (4 bytes).
    Removing counter.o(.revsh_text), (4 bytes).
    Removing lcd.o(.rev16_text), (4 bytes).
    Removing lcd.o(.revsh_text), (4 bytes).
    Removing myfunction.o(.rev16_text), (4 bytes).
    Removing myfunction.o(.revsh_text), (4 bytes).
    Removing system_config.o(.rev16_text), (4 bytes).
    Removing system_config.o(.revsh_text), (4 bytes).
    Removing usart_config.o(.rev16_text), (4 bytes).
    Removing usart_config.o(.revsh_text), (4 bytes).
    Removing adc.o(.rev16_text), (4 bytes).
    Removing adc.o(.revsh_text), (4 bytes).
    Removing filter.o(.rev16_text), (4 bytes).
    Removing filter.o(.revsh_text), (4 bytes).
    Removing pid.o(.rev16_text), (4 bytes).
    Removing pid.o(.revsh_text), (4 bytes).
    Removing ddiv.o(.text), (222 bytes).
    Removing dfixul.o(.text), (48 bytes).

114 unused section(s) (total 18670 bytes) removed from the image.

==============================================================================

Image Symbol Table

    Local Symbols

    Symbol Name                              Value     Ov Type        Size  Object(Section)

    ../clib/microlib/division.c              0x00000000   Number         0  uldiv.o ABSOLUTE
    ../clib/microlib/division.c              0x00000000   Number         0  uidiv.o ABSOLUTE
    ../clib/microlib/init/entry.s            0x00000000   Number         0  entry5.o ABSOLUTE
    ../clib/microlib/init/entry.s            0x00000000   Number         0  entry8a.o ABSOLUTE
    ../clib/microlib/init/entry.s            0x00000000   Number         0  entry7b.o ABSOLUTE
    ../clib/microlib/init/entry.s            0x00000000   Number         0  entry7a.o ABSOLUTE
    ../clib/microlib/init/entry.s            0x00000000   Number         0  entry9a.o ABSOLUTE
    ../clib/microlib/init/entry.s            0x00000000   Number         0  entry2.o ABSOLUTE
    ../clib/microlib/init/entry.s            0x00000000   Number         0  entry10a.o ABSOLUTE
    ../clib/microlib/init/entry.s            0x00000000   Number         0  entry.o ABSOLUTE
    ../clib/microlib/init/entry.s            0x00000000   Number         0  entry11a.o ABSOLUTE
    ../clib/microlib/init/entry.s            0x00000000   Number         0  entry11b.o ABSOLUTE
    ../clib/microlib/init/entry.s            0x00000000   Number         0  entry10b.o ABSOLUTE
    ../clib/microlib/init/entry.s            0x00000000   Number         0  entry8b.o ABSOLUTE
    ../clib/microlib/init/entry.s            0x00000000   Number         0  entry9b.o ABSOLUTE
    ../clib/microlib/longlong.c              0x00000000   Number         0  llushr.o ABSOLUTE
    ../clib/microlib/longlong.c              0x00000000   Number         0  llsshr.o ABSOLUTE
    ../clib/microlib/longlong.c              0x00000000   Number         0  llshl.o ABSOLUTE
    ../clib/microlib/printf/printf.c         0x00000000   Number         0  printf1.o ABSOLUTE
    ../clib/microlib/printf/printf.c         0x00000000   Number         0  printfb.o ABSOLUTE
    ../clib/microlib/printf/printf.c         0x00000000   Number         0  printf0.o ABSOLUTE
    ../clib/microlib/printf/printf.c         0x00000000   Number         0  printf2.o ABSOLUTE
    ../clib/microlib/printf/printf.c         0x00000000   Number         0  printf3.o ABSOLUTE
    ../clib/microlib/printf/printf.c         0x00000000   Number         0  printfa.o ABSOLUTE
    ../clib/microlib/printf/printf.c         0x00000000   Number         0  printf4.o ABSOLUTE
    ../clib/microlib/printf/printf.c         0x00000000   Number         0  printf8.o ABSOLUTE
    ../clib/microlib/printf/printf.c         0x00000000   Number         0  printf6.o ABSOLUTE
    ../clib/microlib/printf/printf.c         0x00000000   Number         0  printf7.o ABSOLUTE
    ../clib/microlib/printf/printf.c         0x00000000   Number         0  printf5.o ABSOLUTE
    ../clib/microlib/printf/stubs.s          0x00000000   Number         0  stubs.o ABSOLUTE
    ../clib/microlib/stdio/streams.c         0x00000000   Number         0  stdout.o ABSOLUTE
    ../clib/microlib/string/memset.c         0x00000000   Number         0  memseta.o ABSOLUTE
    ../clib/microlib/stubs.s                 0x00000000   Number         0  iusefp.o ABSOLUTE
    ../fplib/microlib/f2d.c                  0x00000000   Number         0  f2d.o ABSOLUTE
    ../fplib/microlib/fpadd.c                0x00000000   Number         0  dadd.o ABSOLUTE
    ../fplib/microlib/fpadd.c                0x00000000   Number         0  fadd.o ABSOLUTE
    ../fplib/microlib/fpdiv.c                0x00000000   Number         0  ddiv.o ABSOLUTE
    ../fplib/microlib/fpepilogue.c           0x00000000   Number         0  depilogue.o ABSOLUTE
    ../fplib/microlib/fpepilogue.c           0x00000000   Number         0  fepilogue.o ABSOLUTE
    ../fplib/microlib/fpfix.c                0x00000000   Number         0  dfixui.o ABSOLUTE
    ../fplib/microlib/fpfix.c                0x00000000   Number         0  ffixui.o ABSOLUTE
    ../fplib/microlib/fpfix.c                0x00000000   Number         0  dfixul.o ABSOLUTE
    ../fplib/microlib/fpfix.c                0x00000000   Number         0  ffixi.o ABSOLUTE
    ../fplib/microlib/fpflt.c                0x00000000   Number         0  ffltui.o ABSOLUTE
    ../fplib/microlib/fpflt.c                0x00000000   Number         0  fflti.o ABSOLUTE
    ../fplib/microlib/fpflt.c                0x00000000   Number         0  dfltui.o ABSOLUTE
    ../fplib/microlib/fpflt.c                0x00000000   Number         0  dflti.o ABSOLUTE
    ../fplib/microlib/fpmul.c                0x00000000   Number         0  fmul.o ABSOLUTE
    ../fplib/microlib/fpmul.c                0x00000000   Number         0  dmul.o ABSOLUTE
    ..\CMSIS\Startup\startup_stm32f4xx.s     0x00000000   Number         0  startup_stm32f4xx.o ABSOLUTE
    ..\CMSIS\system_stm32f4xx.c              0x00000000   Number         0  system_stm32f4xx.o ABSOLUTE
    ..\Libraries\src\misc.c                  0x00000000   Number         0  misc.o ABSOLUTE
    ..\Libraries\src\stm32f4xx_adc.c         0x00000000   Number         0  stm32f4xx_adc.o ABSOLUTE
    ..\Libraries\src\stm32f4xx_can.c         0x00000000   Number         0  stm32f4xx_can.o ABSOLUTE
    ..\Libraries\src\stm32f4xx_crc.c         0x00000000   Number         0  stm32f4xx_crc.o ABSOLUTE
    ..\Libraries\src\stm32f4xx_cryp.c        0x00000000   Number         0  stm32f4xx_cryp.o ABSOLUTE
    ..\Libraries\src\stm32f4xx_cryp_aes.c    0x00000000   Number         0  stm32f4xx_cryp_aes.o ABSOLUTE
    ..\Libraries\src\stm32f4xx_cryp_des.c    0x00000000   Number         0  stm32f4xx_cryp_des.o ABSOLUTE
    ..\Libraries\src\stm32f4xx_cryp_tdes.c   0x00000000   Number         0  stm32f4xx_cryp_tdes.o ABSOLUTE
    ..\Libraries\src\stm32f4xx_dac.c         0x00000000   Number         0  stm32f4xx_dac.o ABSOLUTE
    ..\Libraries\src\stm32f4xx_dbgmcu.c      0x00000000   Number         0  stm32f4xx_dbgmcu.o ABSOLUTE
    ..\Libraries\src\stm32f4xx_dcmi.c        0x00000000   Number         0  stm32f4xx_dcmi.o ABSOLUTE
    ..\Libraries\src\stm32f4xx_dma.c         0x00000000   Number         0  stm32f4xx_dma.o ABSOLUTE
    ..\Libraries\src\stm32f4xx_exti.c        0x00000000   Number         0  stm32f4xx_exti.o ABSOLUTE
    ..\Libraries\src\stm32f4xx_flash.c       0x00000000   Number         0  stm32f4xx_flash.o ABSOLUTE
    ..\Libraries\src\stm32f4xx_fsmc.c        0x00000000   Number         0  stm32f4xx_fsmc.o ABSOLUTE
    ..\Libraries\src\stm32f4xx_gpio.c        0x00000000   Number         0  stm32f4xx_gpio.o ABSOLUTE
    ..\Libraries\src\stm32f4xx_hash.c        0x00000000   Number         0  stm32f4xx_hash.o ABSOLUTE
    ..\Libraries\src\stm32f4xx_hash_md5.c    0x00000000   Number         0  stm32f4xx_hash_md5.o ABSOLUTE
    ..\Libraries\src\stm32f4xx_hash_sha1.c   0x00000000   Number         0  stm32f4xx_hash_sha1.o ABSOLUTE
    ..\Libraries\src\stm32f4xx_i2c.c         0x00000000   Number         0  stm32f4xx_i2c.o ABSOLUTE
    ..\Libraries\src\stm32f4xx_iwdg.c        0x00000000   Number         0  stm32f4xx_iwdg.o ABSOLUTE
    ..\Libraries\src\stm32f4xx_pwr.c         0x00000000   Number         0  stm32f4xx_pwr.o ABSOLUTE
    ..\Libraries\src\stm32f4xx_rcc.c         0x00000000   Number         0  stm32f4xx_rcc.o ABSOLUTE
    ..\Libraries\src\stm32f4xx_rng.c         0x00000000   Number         0  stm32f4xx_rng.o ABSOLUTE
    ..\Libraries\src\stm32f4xx_rtc.c         0x00000000   Number         0  stm32f4xx_rtc.o ABSOLUTE
    ..\Libraries\src\stm32f4xx_sdio.c        0x00000000   Number         0  stm32f4xx_sdio.o ABSOLUTE
    ..\Libraries\src\stm32f4xx_spi.c         0x00000000   Number         0  stm32f4xx_spi.o ABSOLUTE
    ..\Libraries\src\stm32f4xx_syscfg.c      0x00000000   Number         0  stm32f4xx_syscfg.o ABSOLUTE
    ..\Libraries\src\stm32f4xx_tim.c         0x00000000   Number         0  stm32f4xx_tim.o ABSOLUTE
    ..\Libraries\src\stm32f4xx_usart.c       0x00000000   Number         0  stm32f4xx_usart.o ABSOLUTE
    ..\Libraries\src\stm32f4xx_wwdg.c        0x00000000   Number         0  stm32f4xx_wwdg.o ABSOLUTE
    ..\MyLibaries\24l01.c                    0x00000000   Number         0  24l01.o ABSOLUTE
    ..\MyLibaries\MyFunction.c               0x00000000   Number         0  myfunction.o ABSOLUTE
    ..\MyLibaries\System_Config.c            0x00000000   Number         0  system_config.o ABSOLUTE
    ..\MyLibaries\Usart_config.c             0x00000000   Number         0  usart_config.o ABSOLUTE
    ..\MyLibaries\adc.c                      0x00000000   Number         0  adc.o ABSOLUTE
    ..\MyLibaries\counter.c                  0x00000000   Number         0  counter.o ABSOLUTE
    ..\MyLibaries\filter.c                   0x00000000   Number         0  filter.o ABSOLUTE
    ..\MyLibaries\lcd.c                      0x00000000   Number         0  lcd.o ABSOLUTE
    ..\MyLibaries\pid.c                      0x00000000   Number         0  pid.o ABSOLUTE
    ..\User\main.c                           0x00000000   Number         0  main.o ABSOLUTE
    ..\User\stm32f4xx_it.c                   0x00000000   Number         0  stm32f4xx_it.o ABSOLUTE
    ..\\CMSIS\\system_stm32f4xx.c            0x00000000   Number         0  system_stm32f4xx.o ABSOLUTE
    ..\\Libraries\\src\\misc.c               0x00000000   Number         0  misc.o ABSOLUTE
    ..\\Libraries\\src\\stm32f4xx_adc.c      0x00000000   Number         0  stm32f4xx_adc.o ABSOLUTE
    ..\\Libraries\\src\\stm32f4xx_can.c      0x00000000   Number         0  stm32f4xx_can.o ABSOLUTE
    ..\\Libraries\\src\\stm32f4xx_crc.c      0x00000000   Number         0  stm32f4xx_crc.o ABSOLUTE
    ..\\Libraries\\src\\stm32f4xx_cryp.c     0x00000000   Number         0  stm32f4xx_cryp.o ABSOLUTE
    ..\\Libraries\\src\\stm32f4xx_cryp_aes.c 0x00000000   Number         0  stm32f4xx_cryp_aes.o ABSOLUTE
    ..\\Libraries\\src\\stm32f4xx_cryp_des.c 0x00000000   Number         0  stm32f4xx_cryp_des.o ABSOLUTE
    ..\\Libraries\\src\\stm32f4xx_cryp_tdes.c 0x00000000   Number         0  stm32f4xx_cryp_tdes.o ABSOLUTE
    ..\\Libraries\\src\\stm32f4xx_dac.c      0x00000000   Number         0  stm32f4xx_dac.o ABSOLUTE
    ..\\Libraries\\src\\stm32f4xx_dbgmcu.c   0x00000000   Number         0  stm32f4xx_dbgmcu.o ABSOLUTE
    ..\\Libraries\\src\\stm32f4xx_dcmi.c     0x00000000   Number         0  stm32f4xx_dcmi.o ABSOLUTE
    ..\\Libraries\\src\\stm32f4xx_dma.c      0x00000000   Number         0  stm32f4xx_dma.o ABSOLUTE
    ..\\Libraries\\src\\stm32f4xx_exti.c     0x00000000   Number         0  stm32f4xx_exti.o ABSOLUTE
    ..\\Libraries\\src\\stm32f4xx_flash.c    0x00000000   Number         0  stm32f4xx_flash.o ABSOLUTE
    ..\\Libraries\\src\\stm32f4xx_fsmc.c     0x00000000   Number         0  stm32f4xx_fsmc.o ABSOLUTE
    ..\\Libraries\\src\\stm32f4xx_gpio.c     0x00000000   Number         0  stm32f4xx_gpio.o ABSOLUTE
    ..\\Libraries\\src\\stm32f4xx_hash.c     0x00000000   Number         0  stm32f4xx_hash.o ABSOLUTE
    ..\\Libraries\\src\\stm32f4xx_hash_md5.c 0x00000000   Number         0  stm32f4xx_hash_md5.o ABSOLUTE
    ..\\Libraries\\src\\stm32f4xx_hash_sha1.c 0x00000000   Number         0  stm32f4xx_hash_sha1.o ABSOLUTE
    ..\\Libraries\\src\\stm32f4xx_i2c.c      0x00000000   Number         0  stm32f4xx_i2c.o ABSOLUTE
    ..\\Libraries\\src\\stm32f4xx_iwdg.c     0x00000000   Number         0  stm32f4xx_iwdg.o ABSOLUTE
    ..\\Libraries\\src\\stm32f4xx_pwr.c      0x00000000   Number         0  stm32f4xx_pwr.o ABSOLUTE
    ..\\Libraries\\src\\stm32f4xx_rcc.c      0x00000000   Number         0  stm32f4xx_rcc.o ABSOLUTE
    ..\\Libraries\\src\\stm32f4xx_rng.c      0x00000000   Number         0  stm32f4xx_rng.o ABSOLUTE
    ..\\Libraries\\src\\stm32f4xx_rtc.c      0x00000000   Number         0  stm32f4xx_rtc.o ABSOLUTE
    ..\\Libraries\\src\\stm32f4xx_sdio.c     0x00000000   Number         0  stm32f4xx_sdio.o ABSOLUTE
    ..\\Libraries\\src\\stm32f4xx_spi.c      0x00000000   Number         0  stm32f4xx_spi.o ABSOLUTE
    ..\\Libraries\\src\\stm32f4xx_syscfg.c   0x00000000   Number         0  stm32f4xx_syscfg.o ABSOLUTE
    ..\\Libraries\\src\\stm32f4xx_tim.c      0x00000000   Number         0  stm32f4xx_tim.o ABSOLUTE
    ..\\Libraries\\src\\stm32f4xx_usart.c    0x00000000   Number         0  stm32f4xx_usart.o ABSOLUTE
    ..\\Libraries\\src\\stm32f4xx_wwdg.c     0x00000000   Number         0  stm32f4xx_wwdg.o ABSOLUTE
    ..\\MyLibaries\\24l01.c                  0x00000000   Number         0  24l01.o ABSOLUTE
    ..\\MyLibaries\\MyFunction.c             0x00000000   Number         0  myfunction.o ABSOLUTE
    ..\\MyLibaries\\System_Config.c          0x00000000   Number         0  system_config.o ABSOLUTE
    ..\\MyLibaries\\Usart_config.c           0x00000000   Number         0  usart_config.o ABSOLUTE
    ..\\MyLibaries\\adc.c                    0x00000000   Number         0  adc.o ABSOLUTE
    ..\\MyLibaries\\counter.c                0x00000000   Number         0  counter.o ABSOLUTE
    ..\\MyLibaries\\filter.c                 0x00000000   Number         0  filter.o ABSOLUTE
    ..\\MyLibaries\\lcd.c                    0x00000000   Number         0  lcd.o ABSOLUTE
    ..\\MyLibaries\\pid.c                    0x00000000   Number         0  pid.o ABSOLUTE
    ..\\User\\main.c                         0x00000000   Number         0  main.o ABSOLUTE
    ..\\User\\stm32f4xx_it.c                 0x00000000   Number         0  stm32f4xx_it.o ABSOLUTE
    cdcmple.s                                0x00000000   Number         0  cdcmple.o ABSOLUTE
    cdrcmple.s                               0x00000000   Number         0  cdrcmple.o ABSOLUTE
    dc.s                                     0x00000000   Number         0  dc.o ABSOLUTE
    handlers.s                               0x00000000   Number         0  handlers.o ABSOLUTE
    init.s                                   0x00000000   Number         0  init.o ABSOLUTE
    RESET                                    0x08000000   Section      392  startup_stm32f4xx.o(RESET)
    .ARM.Collect$$$$00000000                 0x08000188   Section        0  entry.o(.ARM.Collect$$$$00000000)
    .ARM.Collect$$$$00000001                 0x08000188   Section        4  entry2.o(.ARM.Collect$$$$00000001)
    .ARM.Collect$$$$00000004                 0x0800018c   Section        4  entry5.o(.ARM.Collect$$$$00000004)
    .ARM.Collect$$$$00000008                 0x08000190   Section        0  entry7b.o(.ARM.Collect$$$$00000008)
    .ARM.Collect$$$$0000000A                 0x08000190   Section        0  entry8b.o(.ARM.Collect$$$$0000000A)
    .ARM.Collect$$$$0000000B                 0x08000190   Section        8  entry9a.o(.ARM.Collect$$$$0000000B)
    .ARM.Collect$$$$0000000D                 0x08000198   Section        0  entry10a.o(.ARM.Collect$$$$0000000D)
    .ARM.Collect$$$$0000000F                 0x08000198   Section        0  entry11a.o(.ARM.Collect$$$$0000000F)
    .ARM.Collect$$$$00002712                 0x08000198   Section        4  entry2.o(.ARM.Collect$$$$00002712)
    __lit__00000000                          0x08000198   Data           4  entry2.o(.ARM.Collect$$$$00002712)
    .text                                    0x0800019c   Section       36  startup_stm32f4xx.o(.text)
    .text                                    0x080001c0   Section        0  main.o(.text)
    .text                                    0x08000c88   Section        0  stm32f4xx_it.o(.text)
    .text                                    0x08000ca8   Section        0  misc.o(.text)
    .text                                    0x08000d8c   Section        0  stm32f4xx_adc.o(.text)
    .text                                    0x080011fc   Section        0  stm32f4xx_dma.o(.text)
    .text                                    0x080015a0   Section        0  stm32f4xx_fsmc.o(.text)
    .text                                    0x08001bbc   Section        0  stm32f4xx_gpio.o(.text)
    .text                                    0x08001e18   Section        0  stm32f4xx_rcc.o(.text)
    .text                                    0x080023a0   Section        0  stm32f4xx_tim.o(.text)
    TI4_Config                               0x08002b3f   Thumb Code    80  stm32f4xx_tim.o(.text)
    TI3_Config                               0x08002ba1   Thumb Code    72  stm32f4xx_tim.o(.text)
    TI2_Config                               0x08002c03   Thumb Code    90  stm32f4xx_tim.o(.text)
    TI1_Config                               0x08002c6f   Thumb Code    58  stm32f4xx_tim.o(.text)
    .text                                    0x08003044   Section        0  stm32f4xx_usart.o(.text)
    .text                                    0x08003460   Section        0  system_stm32f4xx.o(.text)
    SetSysClock                              0x08003461   Thumb Code   218  system_stm32f4xx.o(.text)
    .text                                    0x08003660   Section        0  counter.o(.text)
    .text                                    0x08003810   Section        0  lcd.o(.text)
    .text                                    0x08005cb8   Section        0  myfunction.o(.text)
    .text                                    0x08005d88   Section        0  system_config.o(.text)
    .text                                    0x08005e14   Section        0  usart_config.o(.text)
    itoa                                     0x08005eb7   Thumb Code    98  usart_config.o(.text)
    .text                                    0x08006028   Section        0  adc.o(.text)
    .text                                    0x08006170   Section        0  filter.o(.text)
    .text                                    0x080063a0   Section        0  pid.o(.text)
    .text                                    0x08006464   Section        0  memseta.o(.text)
    .text                                    0x08006488   Section        0  fadd.o(.text)
    .text                                    0x08006538   Section        0  fmul.o(.text)
    .text                                    0x080065a4   Section        0  dadd.o(.text)
    .text                                    0x080066f2   Section        0  dmul.o(.text)
    .text                                    0x080067d6   Section        0  fflti.o(.text)
    .text                                    0x080067e8   Section        0  ffltui.o(.text)
    .text                                    0x080067f2   Section        0  dflti.o(.text)
    .text                                    0x08006814   Section        0  dfltui.o(.text)
    .text                                    0x0800682e   Section        0  ffixi.o(.text)
    .text                                    0x08006860   Section        0  ffixui.o(.text)
    .text                                    0x08006888   Section        0  dfixui.o(.text)
    .text                                    0x080068ba   Section        0  f2d.o(.text)
    .text                                    0x080068e0   Section       40  cdcmple.o(.text)
    .text                                    0x08006908   Section       40  cdrcmple.o(.text)
    .text                                    0x08006930   Section        0  uldiv.o(.text)
    .text                                    0x08006992   Section        0  llshl.o(.text)
    .text                                    0x080069b0   Section        0  llushr.o(.text)
    .text                                    0x080069d0   Section        0  llsshr.o(.text)
    .text                                    0x080069f4   Section        0  fepilogue.o(.text)
    .text                                    0x080069f4   Section        0  iusefp.o(.text)
    .text                                    0x08006a60   Section        0  depilogue.o(.text)
    .text                                    0x08006b20   Section       36  init.o(.text)
    i.__0printf$5                            0x08006b44   Section        0  printf5.o(i.__0printf$5)
    i.__scatterload_copy                     0x08006b64   Section       14  handlers.o(i.__scatterload_copy)
    i.__scatterload_null                     0x08006b72   Section        2  handlers.o(i.__scatterload_null)
    i.__scatterload_zeroinit                 0x08006b74   Section       14  handlers.o(i.__scatterload_zeroinit)
    i._printf_core                           0x08006b84   Section        0  printf5.o(i._printf_core)
    _printf_core                             0x08006b85   Thumb Code   658  printf5.o(i._printf_core)
    .constdata                               0x08006e44   Section     1304  main.o(.constdata)
    .constdata                               0x0800735c   Section     2660  lcd.o(.constdata)
    .data                                    0x20000000   Section       36  main.o(.data)
    .data                                    0x20000024   Section       16  stm32f4xx_rcc.o(.data)
    APBAHBPrescTable                         0x20000024   Data          16  stm32f4xx_rcc.o(.data)
    .data                                    0x20000034   Section       20  system_stm32f4xx.o(.data)
    .data                                    0x20000048   Section        4  lcd.o(.data)
    .data                                    0x2000004c   Section        4  myfunction.o(.data)
    TimingDelay                              0x2000004c   Data           4  myfunction.o(.data)
    .data                                    0x20000050   Section        3  filter.o(.data)
    angle                                    0x20000050   Data           2  filter.o(.data)
    adcfilter_index                          0x20000052   Data           1  filter.o(.data)
    .data                                    0x20000054   Section        8  pid.o(.data)
    pid_pre                                  0x20000054   Data           4  pid.o(.data)
    pid_accumulate                           0x20000058   Data           4  pid.o(.data)
    .data                                    0x2000005c   Section        4  stdout.o(.data)
    .bss                                     0x20000060   Section       10  lcd.o(.bss)
    .bss                                     0x2000006a   Section       10  adc.o(.bss)
    .bss                                     0x20000074   Section      170  filter.o(.bss)
    adcfilter_history                        0x20000074   Data         160  filter.o(.bss)
    adcfilter_current                        0x20000114   Data          10  filter.o(.bss)
    .bss                                     0x20000120   Section       12  pid.o(.bss)
    STACK                                    0x20000130   Section     1024  startup_stm32f4xx.o(STACK)

    Global Symbols

    Symbol Name                              Value     Ov Type        Size  Object(Section)

    BuildAttributes$$THM_ISAv4$E$P$D$K$B$S$7EM$PE$A:L22UL41UL21$X:L11$S22US41US21$IEEE1$IW$USESV6$~STKCKD$USESV7$~SHL$OTIME$ROPI$EBA8$MICROLIB$REQ8$PRES8$EABIv2 0x00000000   Number         0  anon$$obj.o ABSOLUTE
    __ARM_use_no_argv                        0x00000000   Number         0  main.o ABSOLUTE
    _printf_a                                0x00000000   Number         0  stubs.o ABSOLUTE
    _printf_c                                0x00000000   Number         0  stubs.o ABSOLUTE
    _printf_charcount                        0x00000000   Number         0  stubs.o ABSOLUTE
    _printf_d                                0x00000000   Number         0  stubs.o ABSOLUTE
    _printf_e                                0x00000000   Number         0  stubs.o ABSOLUTE
    _printf_f                                0x00000000   Number         0  stubs.o ABSOLUTE
    _printf_flags                            0x00000000   Number         0  stubs.o ABSOLUTE
    _printf_fp_dec                           0x00000000   Number         0  stubs.o ABSOLUTE
    _printf_fp_hex                           0x00000000   Number         0  stubs.o ABSOLUTE
    _printf_g                                0x00000000   Number         0  stubs.o ABSOLUTE
    _printf_i                                0x00000000   Number         0  stubs.o ABSOLUTE
    _printf_int_dec                          0x00000000   Number         0  stubs.o ABSOLUTE
    _printf_l                                0x00000000   Number         0  stubs.o ABSOLUTE
    _printf_lc                               0x00000000   Number         0  stubs.o ABSOLUTE
    _printf_ll                               0x00000000   Number         0  stubs.o ABSOLUTE
    _printf_lld                              0x00000000   Number         0  stubs.o ABSOLUTE
    _printf_lli                              0x00000000   Number         0  stubs.o ABSOLUTE
    _printf_llo                              0x00000000   Number         0  stubs.o ABSOLUTE
    _printf_llu                              0x00000000   Number         0  stubs.o ABSOLUTE
    _printf_llx                              0x00000000   Number         0  stubs.o ABSOLUTE
    _printf_longlong_dec                     0x00000000   Number         0  stubs.o ABSOLUTE
    _printf_longlong_hex                     0x00000000   Number         0  stubs.o ABSOLUTE
    _printf_longlong_oct                     0x00000000   Number         0  stubs.o ABSOLUTE
    _printf_ls                               0x00000000   Number         0  stubs.o ABSOLUTE
    _printf_mbtowc                           0x00000000   Number         0  stubs.o ABSOLUTE
    _printf_n                                0x00000000   Number         0  stubs.o ABSOLUTE
    _printf_o                                0x00000000   Number         0  stubs.o ABSOLUTE
    _printf_p                                0x00000000   Number         0  stubs.o ABSOLUTE
    _printf_percent                          0x00000000   Number         0  stubs.o ABSOLUTE
    _printf_pre_padding                      0x00000000   Number         0  stubs.o ABSOLUTE
    _printf_return_value                     0x00000000   Number         0  stubs.o ABSOLUTE
    _printf_s                                0x00000000   Number         0  stubs.o ABSOLUTE
    _printf_sizespec                         0x00000000   Number         0  stubs.o ABSOLUTE
    _printf_str                              0x00000000   Number         0  stubs.o ABSOLUTE
    _printf_truncate_signed                  0x00000000   Number         0  stubs.o ABSOLUTE
    _printf_truncate_unsigned                0x00000000   Number         0  stubs.o ABSOLUTE
    _printf_u                                0x00000000   Number         0  stubs.o ABSOLUTE
    _printf_wc                               0x00000000   Number         0  stubs.o ABSOLUTE
    _printf_wctomb                           0x00000000   Number         0  stubs.o ABSOLUTE
    _printf_widthprec                        0x00000000   Number         0  stubs.o ABSOLUTE
    _printf_x                                0x00000000   Number         0  stubs.o ABSOLUTE
    __cpp_initialize__aeabi_                  - Undefined Weak Reference
    __cxa_finalize                            - Undefined Weak Reference
    __decompress                              - Undefined Weak Reference
    _clock_init                               - Undefined Weak Reference
    _microlib_exit                            - Undefined Weak Reference
    __Vectors_Size                           0x00000188   Number         0  startup_stm32f4xx.o ABSOLUTE
    __Vectors                                0x08000000   Data           4  startup_stm32f4xx.o(RESET)
    __Vectors_End                            0x08000188   Data           0  startup_stm32f4xx.o(RESET)
    __main                                   0x08000189   Thumb Code     0  entry.o(.ARM.Collect$$$$00000000)
    _main_stk                                0x08000189   Thumb Code     0  entry2.o(.ARM.Collect$$$$00000001)
    _main_scatterload                        0x0800018d   Thumb Code     0  entry5.o(.ARM.Collect$$$$00000004)
    __main_after_scatterload                 0x08000191   Thumb Code     0  entry5.o(.ARM.Collect$$$$00000004)
    _main_clock                              0x08000191   Thumb Code     0  entry7b.o(.ARM.Collect$$$$00000008)
    _main_cpp_init                           0x08000191   Thumb Code     0  entry8b.o(.ARM.Collect$$$$0000000A)
    _main_init                               0x08000191   Thumb Code     0  entry9a.o(.ARM.Collect$$$$0000000B)
    __rt_final_cpp                           0x08000199   Thumb Code     0  entry10a.o(.ARM.Collect$$$$0000000D)
    __rt_final_exit                          0x08000199   Thumb Code     0  entry11a.o(.ARM.Collect$$$$0000000F)
    Reset_Handler                            0x0800019d   Thumb Code     8  startup_stm32f4xx.o(.text)
    ADC_IRQHandler                           0x080001b7   Thumb Code     0  startup_stm32f4xx.o(.text)
    CAN1_RX0_IRQHandler                      0x080001b7   Thumb Code     0  startup_stm32f4xx.o(.text)
    CAN1_RX1_IRQHandler                      0x080001b7   Thumb Code     0  startup_stm32f4xx.o(.text)
    CAN1_SCE_IRQHandler                      0x080001b7   Thumb Code     0  startup_stm32f4xx.o(.text)
    CAN1_TX_IRQHandler                       0x080001b7   Thumb Code     0  startup_stm32f4xx.o(.text)
    CAN2_RX0_IRQHandler                      0x080001b7   Thumb Code     0  startup_stm32f4xx.o(.text)
    CAN2_RX1_IRQHandler                      0x080001b7   Thumb Code     0  startup_stm32f4xx.o(.text)
    CAN2_SCE_IRQHandler                      0x080001b7   Thumb Code     0  startup_stm32f4xx.o(.text)
    CAN2_TX_IRQHandler                       0x080001b7   Thumb Code     0  startup_stm32f4xx.o(.text)
    CRYP_IRQHandler                          0x080001b7   Thumb Code     0  startup_stm32f4xx.o(.text)
    DCMI_IRQHandler                          0x080001b7   Thumb Code     0  startup_stm32f4xx.o(.text)
    DMA1_Stream0_IRQHandler                  0x080001b7   Thumb Code     0  startup_stm32f4xx.o(.text)
    DMA1_Stream1_IRQHandler                  0x080001b7   Thumb Code     0  startup_stm32f4xx.o(.text)
    DMA1_Stream2_IRQHandler                  0x080001b7   Thumb Code     0  startup_stm32f4xx.o(.text)
    DMA1_Stream3_IRQHandler                  0x080001b7   Thumb Code     0  startup_stm32f4xx.o(.text)
    DMA1_Stream4_IRQHandler                  0x080001b7   Thumb Code     0  startup_stm32f4xx.o(.text)
    DMA1_Stream5_IRQHandler                  0x080001b7   Thumb Code     0  startup_stm32f4xx.o(.text)
    DMA1_Stream6_IRQHandler                  0x080001b7   Thumb Code     0  startup_stm32f4xx.o(.text)
    DMA1_Stream7_IRQHandler                  0x080001b7   Thumb Code     0  startup_stm32f4xx.o(.text)
    DMA2_Stream0_IRQHandler                  0x080001b7   Thumb Code     0  startup_stm32f4xx.o(.text)
    DMA2_Stream1_IRQHandler                  0x080001b7   Thumb Code     0  startup_stm32f4xx.o(.text)
    DMA2_Stream2_IRQHandler                  0x080001b7   Thumb Code     0  startup_stm32f4xx.o(.text)
    DMA2_Stream3_IRQHandler                  0x080001b7   Thumb Code     0  startup_stm32f4xx.o(.text)
    DMA2_Stream4_IRQHandler                  0x080001b7   Thumb Code     0  startup_stm32f4xx.o(.text)
    DMA2_Stream5_IRQHandler                  0x080001b7   Thumb Code     0  startup_stm32f4xx.o(.text)
    DMA2_Stream6_IRQHandler                  0x080001b7   Thumb Code     0  startup_stm32f4xx.o(.text)
    DMA2_Stream7_IRQHandler                  0x080001b7   Thumb Code     0  startup_stm32f4xx.o(.text)
    ETH_IRQHandler                           0x080001b7   Thumb Code     0  startup_stm32f4xx.o(.text)
    ETH_WKUP_IRQHandler                      0x080001b7   Thumb Code     0  startup_stm32f4xx.o(.text)
    EXTI0_IRQHandler                         0x080001b7   Thumb Code     0  startup_stm32f4xx.o(.text)
    EXTI15_10_IRQHandler                     0x080001b7   Thumb Code     0  startup_stm32f4xx.o(.text)
    EXTI1_IRQHandler                         0x080001b7   Thumb Code     0  startup_stm32f4xx.o(.text)
    EXTI2_IRQHandler                         0x080001b7   Thumb Code     0  startup_stm32f4xx.o(.text)
    EXTI3_IRQHandler                         0x080001b7   Thumb Code     0  startup_stm32f4xx.o(.text)
    EXTI4_IRQHandler                         0x080001b7   Thumb Code     0  startup_stm32f4xx.o(.text)
    EXTI9_5_IRQHandler                       0x080001b7   Thumb Code     0  startup_stm32f4xx.o(.text)
    FLASH_IRQHandler                         0x080001b7   Thumb Code     0  startup_stm32f4xx.o(.text)
    FPU_IRQHandler                           0x080001b7   Thumb Code     0  startup_stm32f4xx.o(.text)
    FSMC_IRQHandler                          0x080001b7   Thumb Code     0  startup_stm32f4xx.o(.text)
    HASH_RNG_IRQHandler                      0x080001b7   Thumb Code     0  startup_stm32f4xx.o(.text)
    I2C1_ER_IRQHandler                       0x080001b7   Thumb Code     0  startup_stm32f4xx.o(.text)
    I2C1_EV_IRQHandler                       0x080001b7   Thumb Code     0  startup_stm32f4xx.o(.text)
    I2C2_ER_IRQHandler                       0x080001b7   Thumb Code     0  startup_stm32f4xx.o(.text)
    I2C2_EV_IRQHandler                       0x080001b7   Thumb Code     0  startup_stm32f4xx.o(.text)
    I2C3_ER_IRQHandler                       0x080001b7   Thumb Code     0  startup_stm32f4xx.o(.text)
    I2C3_EV_IRQHandler                       0x080001b7   Thumb Code     0  startup_stm32f4xx.o(.text)
    OTG_FS_IRQHandler                        0x080001b7   Thumb Code     0  startup_stm32f4xx.o(.text)
    OTG_FS_WKUP_IRQHandler                   0x080001b7   Thumb Code     0  startup_stm32f4xx.o(.text)
    OTG_HS_EP1_IN_IRQHandler                 0x080001b7   Thumb Code     0  startup_stm32f4xx.o(.text)
    OTG_HS_EP1_OUT_IRQHandler                0x080001b7   Thumb Code     0  startup_stm32f4xx.o(.text)
    OTG_HS_IRQHandler                        0x080001b7   Thumb Code     0  startup_stm32f4xx.o(.text)
    OTG_HS_WKUP_IRQHandler                   0x080001b7   Thumb Code     0  startup_stm32f4xx.o(.text)
    PVD_IRQHandler                           0x080001b7   Thumb Code     0  startup_stm32f4xx.o(.text)
    RCC_IRQHandler                           0x080001b7   Thumb Code     0  startup_stm32f4xx.o(.text)
    RTC_Alarm_IRQHandler                     0x080001b7   Thumb Code     0  startup_stm32f4xx.o(.text)
    RTC_WKUP_IRQHandler                      0x080001b7   Thumb Code     0  startup_stm32f4xx.o(.text)
    SDIO_IRQHandler                          0x080001b7   Thumb Code     0  startup_stm32f4xx.o(.text)
    SPI1_IRQHandler                          0x080001b7   Thumb Code     0  startup_stm32f4xx.o(.text)
    SPI2_IRQHandler                          0x080001b7   Thumb Code     0  startup_stm32f4xx.o(.text)
    SPI3_IRQHandler                          0x080001b7   Thumb Code     0  startup_stm32f4xx.o(.text)
    TAMP_STAMP_IRQHandler                    0x080001b7   Thumb Code     0  startup_stm32f4xx.o(.text)
    TIM1_BRK_TIM9_IRQHandler                 0x080001b7   Thumb Code     0  startup_stm32f4xx.o(.text)
    TIM1_CC_IRQHandler                       0x080001b7   Thumb Code     0  startup_stm32f4xx.o(.text)
    TIM1_TRG_COM_TIM11_IRQHandler            0x080001b7   Thumb Code     0  startup_stm32f4xx.o(.text)
    TIM1_UP_TIM10_IRQHandler                 0x080001b7   Thumb Code     0  startup_stm32f4xx.o(.text)
    TIM2_IRQHandler                          0x080001b7   Thumb Code     0  startup_stm32f4xx.o(.text)
    TIM4_IRQHandler                          0x080001b7   Thumb Code     0  startup_stm32f4xx.o(.text)
    TIM5_IRQHandler                          0x080001b7   Thumb Code     0  startup_stm32f4xx.o(.text)
    TIM6_DAC_IRQHandler                      0x080001b7   Thumb Code     0  startup_stm32f4xx.o(.text)
    TIM7_IRQHandler                          0x080001b7   Thumb Code     0  startup_stm32f4xx.o(.text)
    TIM8_BRK_TIM12_IRQHandler                0x080001b7   Thumb Code     0  startup_stm32f4xx.o(.text)
    TIM8_CC_IRQHandler                       0x080001b7   Thumb Code     0  startup_stm32f4xx.o(.text)
    TIM8_TRG_COM_TIM14_IRQHandler            0x080001b7   Thumb Code     0  startup_stm32f4xx.o(.text)
    TIM8_UP_TIM13_IRQHandler                 0x080001b7   Thumb Code     0  startup_stm32f4xx.o(.text)
    UART4_IRQHandler                         0x080001b7   Thumb Code     0  startup_stm32f4xx.o(.text)
    UART5_IRQHandler                         0x080001b7   Thumb Code     0  startup_stm32f4xx.o(.text)
    USART1_IRQHandler                        0x080001b7   Thumb Code     0  startup_stm32f4xx.o(.text)
    USART2_IRQHandler                        0x080001b7   Thumb Code     0  startup_stm32f4xx.o(.text)
    USART6_IRQHandler                        0x080001b7   Thumb Code     0  startup_stm32f4xx.o(.text)
    WWDG_IRQHandler                          0x080001b7   Thumb Code     0  startup_stm32f4xx.o(.text)
    LCD5110_write_byte                       0x080001c1   Thumb Code   116  main.o(.text)
    LCD5110_init                             0x08000235   Thumb Code   134  main.o(.text)
    LCD5110_set_XY                           0x080002bb   Thumb Code    38  main.o(.text)
    LCD5110_clear                            0x080002e1   Thumb Code    54  main.o(.text)
    LCD5110_write_char                       0x08000317   Thumb Code    42  main.o(.text)
    LCD5110_write_String                     0x08000341   Thumb Code    34  main.o(.text)
    LCD5110_write_shu                        0x08000363   Thumb Code    98  main.o(.text)
    write_count                              0x080003c5   Thumb Code   176  main.o(.text)
    write_dian                               0x08000475   Thumb Code    70  main.o(.text)
    LCD5110_write_tu                         0x080004bb   Thumb Code   250  main.o(.text)
    TIM2_PWM_Init                            0x080005b5   Thumb Code   226  main.o(.text)
    PWMInit                                  0x08000697   Thumb Code    14  main.o(.text)
    MotorInit                                0x080006a5   Thumb Code     8  main.o(.text)
    MotorLCtl                                0x080006ad   Thumb Code    56  main.o(.text)
    MotorRCtl                                0x080006e5   Thumb Code    56  main.o(.text)
    STOP                                     0x0800071d   Thumb Code     8  main.o(.text)
    MotorCtl                                 0x08000725   Thumb Code    76  main.o(.text)
    CRC_CHECK                                0x08000771   Thumb Code    58  main.o(.text)
    visual_scope                             0x080007ab   Thumb Code   314  main.o(.text)
    AngleControl                             0x080008e5   Thumb Code   234  main.o(.text)
    main                                     0x080009cf   Thumb Code   568  main.o(.text)
    TIM3_IRQHandler                          0x08000c07   Thumb Code    56  main.o(.text)
    USART3_IRQHandler                        0x08000c3f   Thumb Code    24  main.o(.text)
    NMI_Handler                              0x08000c89   Thumb Code     2  stm32f4xx_it.o(.text)
    HardFault_Handler                        0x08000c8b   Thumb Code     4  stm32f4xx_it.o(.text)
    MemManage_Handler                        0x08000c8f   Thumb Code     4  stm32f4xx_it.o(.text)
    BusFault_Handler                         0x08000c93   Thumb Code     4  stm32f4xx_it.o(.text)
    UsageFault_Handler                       0x08000c97   Thumb Code     4  stm32f4xx_it.o(.text)
    DebugMon_Handler                         0x08000c9b   Thumb Code     2  stm32f4xx_it.o(.text)
    SVC_Handler                              0x08000c9d   Thumb Code     2  stm32f4xx_it.o(.text)
    PendSV_Handler                           0x08000c9f   Thumb Code     2  stm32f4xx_it.o(.text)
    SysTick_Handler                          0x08000ca1   Thumb Code     8  stm32f4xx_it.o(.text)
    NVIC_PriorityGroupConfig                 0x08000ca9   Thumb Code    10  misc.o(.text)
    NVIC_Init                                0x08000cb3   Thumb Code   108  misc.o(.text)
    NVIC_SetVectorTable                      0x08000d1f   Thumb Code    14  misc.o(.text)
    NVIC_SystemLPConfig                      0x08000d2d   Thumb Code    34  misc.o(.text)
    SysTick_CLKSourceConfig                  0x08000d4f   Thumb Code    40  misc.o(.text)
    ADC_DeInit                               0x08000d8d   Thumb Code    22  stm32f4xx_adc.o(.text)
    ADC_Init                                 0x08000da3   Thumb Code    74  stm32f4xx_adc.o(.text)
    ADC_StructInit                           0x08000ded   Thumb Code    20  stm32f4xx_adc.o(.text)
    ADC_CommonInit                           0x08000e01   Thumb Code    44  stm32f4xx_adc.o(.text)
    ADC_CommonStructInit                     0x08000e2d   Thumb Code    12  stm32f4xx_adc.o(.text)
    ADC_Cmd                                  0x08000e39   Thumb Code    22  stm32f4xx_adc.o(.text)
    ADC_AnalogWatchdogCmd                    0x08000e4f   Thumb Code    16  stm32f4xx_adc.o(.text)
    ADC_AnalogWatchdogThresholdsConfig       0x08000e5f   Thumb Code     6  stm32f4xx_adc.o(.text)
    ADC_AnalogWatchdogSingleChannelConfig    0x08000e65   Thumb Code    16  stm32f4xx_adc.o(.text)
    ADC_TempSensorVrefintCmd                 0x08000e75   Thumb Code    34  stm32f4xx_adc.o(.text)
    ADC_VBATCmd                              0x08000e97   Thumb Code    34  stm32f4xx_adc.o(.text)
    ADC_RegularChannelConfig                 0x08000eb9   Thumb Code   184  stm32f4xx_adc.o(.text)
    ADC_SoftwareStartConv                    0x08000f71   Thumb Code    10  stm32f4xx_adc.o(.text)
    ADC_GetSoftwareStartConvStatus           0x08000f7b   Thumb Code    20  stm32f4xx_adc.o(.text)
    ADC_EOCOnEachRegularChannelCmd           0x08000f8f   Thumb Code    22  stm32f4xx_adc.o(.text)
    ADC_ContinuousModeCmd                    0x08000fa5   Thumb Code    22  stm32f4xx_adc.o(.text)
    ADC_DiscModeChannelCountConfig           0x08000fbb   Thumb Code    24  stm32f4xx_adc.o(.text)
    ADC_DiscModeCmd                          0x08000fd3   Thumb Code    22  stm32f4xx_adc.o(.text)
    ADC_GetConversionValue                   0x08000fe9   Thumb Code     8  stm32f4xx_adc.o(.text)
    ADC_GetMultiModeConversionValue          0x08000ff1   Thumb Code     6  stm32f4xx_adc.o(.text)
    ADC_DMACmd                               0x08000ff7   Thumb Code    22  stm32f4xx_adc.o(.text)
    ADC_DMARequestAfterLastTransferCmd       0x0800100d   Thumb Code    22  stm32f4xx_adc.o(.text)
    ADC_MultiModeDMARequestAfterLastTransferCmd 0x08001023   Thumb Code    34  stm32f4xx_adc.o(.text)
    ADC_InjectedChannelConfig                0x08001045   Thumb Code   130  stm32f4xx_adc.o(.text)
    ADC_InjectedSequencerLengthConfig        0x080010c7   Thumb Code    24  stm32f4xx_adc.o(.text)
    ADC_SetInjectedOffset                    0x080010df   Thumb Code    20  stm32f4xx_adc.o(.text)
    ADC_ExternalTrigInjectedConvConfig       0x080010f3   Thumb Code    16  stm32f4xx_adc.o(.text)
    ADC_ExternalTrigInjectedConvEdgeConfig   0x08001103   Thumb Code    16  stm32f4xx_adc.o(.text)
    ADC_SoftwareStartInjectedConv            0x08001113   Thumb Code    10  stm32f4xx_adc.o(.text)
    ADC_GetSoftwareStartInjectedConvCmdStatus 0x0800111d   Thumb Code    20  stm32f4xx_adc.o(.text)
    ADC_AutoInjectedConvCmd                  0x08001131   Thumb Code    22  stm32f4xx_adc.o(.text)
    ADC_InjectedDiscModeCmd                  0x08001147   Thumb Code    22  stm32f4xx_adc.o(.text)
    ADC_GetInjectedConversionValue           0x0800115d   Thumb Code    28  stm32f4xx_adc.o(.text)
    ADC_ITConfig                             0x08001179   Thumb Code    60  stm32f4xx_adc.o(.text)
    ADC_GetFlagStatus                        0x080011b5   Thumb Code    18  stm32f4xx_adc.o(.text)
    ADC_ClearFlag                            0x080011c7   Thumb Code     6  stm32f4xx_adc.o(.text)
    ADC_GetITStatus                          0x080011cd   Thumb Code    38  stm32f4xx_adc.o(.text)
    ADC_ClearITPendingBit                    0x080011f3   Thumb Code    10  stm32f4xx_adc.o(.text)
    DMA_DeInit                               0x080011fd   Thumb Code   324  stm32f4xx_dma.o(.text)
    DMA_Init                                 0x08001341   Thumb Code    82  stm32f4xx_dma.o(.text)
    DMA_StructInit                           0x08001393   Thumb Code    34  stm32f4xx_dma.o(.text)
    DMA_Cmd                                  0x080013b5   Thumb Code    22  stm32f4xx_dma.o(.text)
    DMA_PeriphIncOffsetSizeConfig            0x080013cb   Thumb Code    22  stm32f4xx_dma.o(.text)
    DMA_FlowControllerConfig                 0x080013e1   Thumb Code    22  stm32f4xx_dma.o(.text)
    DMA_SetCurrDataCounter                   0x080013f7   Thumb Code     4  stm32f4xx_dma.o(.text)
    DMA_GetCurrDataCounter                   0x080013fb   Thumb Code     8  stm32f4xx_dma.o(.text)
    DMA_DoubleBufferModeConfig               0x08001403   Thumb Code    24  stm32f4xx_dma.o(.text)
    DMA_DoubleBufferModeCmd                  0x0800141b   Thumb Code    22  stm32f4xx_dma.o(.text)
    DMA_MemoryTargetConfig                   0x08001431   Thumb Code    10  stm32f4xx_dma.o(.text)
    DMA_GetCurrentMemoryTarget               0x0800143b   Thumb Code    20  stm32f4xx_dma.o(.text)
    DMA_GetCmdStatus                         0x0800144f   Thumb Code    20  stm32f4xx_dma.o(.text)
    DMA_GetFIFOStatus                        0x08001463   Thumb Code    12  stm32f4xx_dma.o(.text)
    DMA_GetFlagStatus                        0x0800146f   Thumb Code    54  stm32f4xx_dma.o(.text)
    DMA_ClearFlag                            0x080014a5   Thumb Code    40  stm32f4xx_dma.o(.text)
    DMA_ITConfig                             0x080014cd   Thumb Code    58  stm32f4xx_dma.o(.text)
    DMA_GetITStatus                          0x08001507   Thumb Code    82  stm32f4xx_dma.o(.text)
    DMA_ClearITPendingBit                    0x08001559   Thumb Code    40  stm32f4xx_dma.o(.text)
    FSMC_NORSRAMDeInit                       0x080015a1   Thumb Code    56  stm32f4xx_fsmc.o(.text)
    FSMC_NORSRAMInit                         0x080015d9   Thumb Code   224  stm32f4xx_fsmc.o(.text)
    FSMC_NORSRAMStructInit                   0x080016b9   Thumb Code   114  stm32f4xx_fsmc.o(.text)
    FSMC_NORSRAMCmd                          0x0800172b   Thumb Code    46  stm32f4xx_fsmc.o(.text)
    FSMC_NANDDeInit                          0x08001759   Thumb Code    62  stm32f4xx_fsmc.o(.text)
    FSMC_NANDInit                            0x08001797   Thumb Code   130  stm32f4xx_fsmc.o(.text)
    FSMC_NANDStructInit                      0x08001819   Thumb Code    54  stm32f4xx_fsmc.o(.text)
    FSMC_NANDCmd                             0x0800184f   Thumb Code    86  stm32f4xx_fsmc.o(.text)
    FSMC_NANDECCCmd                          0x080018a5   Thumb Code    86  stm32f4xx_fsmc.o(.text)
    FSMC_GetECC                              0x080018fb   Thumb Code    22  stm32f4xx_fsmc.o(.text)
    FSMC_PCCARDDeInit                        0x08001911   Thumb Code    40  stm32f4xx_fsmc.o(.text)
    FSMC_PCCARDInit                          0x08001939   Thumb Code   124  stm32f4xx_fsmc.o(.text)
    FSMC_PCCARDStructInit                    0x080019b5   Thumb Code    60  stm32f4xx_fsmc.o(.text)
    FSMC_PCCARDCmd                           0x080019f1   Thumb Code    40  stm32f4xx_fsmc.o(.text)
    FSMC_ITConfig                            0x08001a19   Thumb Code   128  stm32f4xx_fsmc.o(.text)
    FSMC_GetFlagStatus                       0x08001a99   Thumb Code    48  stm32f4xx_fsmc.o(.text)
    FSMC_ClearFlag                           0x08001ac9   Thumb Code    62  stm32f4xx_fsmc.o(.text)
    FSMC_GetITStatus                         0x08001b07   Thumb Code   110  stm32f4xx_fsmc.o(.text)
    FSMC_ClearITPendingBit                   0x08001b75   Thumb Code    64  stm32f4xx_fsmc.o(.text)
    GPIO_DeInit                              0x08001bbd   Thumb Code   220  stm32f4xx_gpio.o(.text)
    GPIO_Init                                0x08001c99   Thumb Code   144  stm32f4xx_gpio.o(.text)
    GPIO_StructInit                          0x08001d29   Thumb Code    18  stm32f4xx_gpio.o(.text)
    GPIO_PinLockConfig                       0x08001d3b   Thumb Code    34  stm32f4xx_gpio.o(.text)
    GPIO_ReadInputDataBit                    0x08001d5d   Thumb Code    18  stm32f4xx_gpio.o(.text)
    GPIO_ReadInputData                       0x08001d6f   Thumb Code     8  stm32f4xx_gpio.o(.text)
    GPIO_ReadOutputDataBit                   0x08001d77   Thumb Code    18  stm32f4xx_gpio.o(.text)
    GPIO_ReadOutputData                      0x08001d89   Thumb Code     8  stm32f4xx_gpio.o(.text)
    GPIO_SetBits                             0x08001d91   Thumb Code     4  stm32f4xx_gpio.o(.text)
    GPIO_ResetBits                           0x08001d95   Thumb Code     4  stm32f4xx_gpio.o(.text)
    GPIO_WriteBit                            0x08001d99   Thumb Code    10  stm32f4xx_gpio.o(.text)
    GPIO_Write                               0x08001da3   Thumb Code     4  stm32f4xx_gpio.o(.text)
    GPIO_ToggleBits                          0x08001da7   Thumb Code     8  stm32f4xx_gpio.o(.text)
    GPIO_PinAFConfig                         0x08001daf   Thumb Code    70  stm32f4xx_gpio.o(.text)
    RCC_DeInit                               0x08001e19   Thumb Code    60  stm32f4xx_rcc.o(.text)
    RCC_HSEConfig                            0x08001e55   Thumb Code    14  stm32f4xx_rcc.o(.text)
    RCC_GetFlagStatus                        0x08001e63   Thumb Code    60  stm32f4xx_rcc.o(.text)
    RCC_WaitForHSEStartUp                    0x08001e9f   Thumb Code    56  stm32f4xx_rcc.o(.text)
    RCC_AdjustHSICalibrationValue            0x08001ed7   Thumb Code    20  stm32f4xx_rcc.o(.text)
    RCC_HSICmd                               0x08001eeb   Thumb Code     6  stm32f4xx_rcc.o(.text)
    RCC_LSEConfig                            0x08001ef1   Thumb Code    46  stm32f4xx_rcc.o(.text)
    RCC_LSICmd                               0x08001f1f   Thumb Code     6  stm32f4xx_rcc.o(.text)
    RCC_PLLConfig                            0x08001f25   Thumb Code    32  stm32f4xx_rcc.o(.text)
    RCC_PLLCmd                               0x08001f45   Thumb Code     6  stm32f4xx_rcc.o(.text)
    RCC_PLLI2SConfig                         0x08001f4b   Thumb Code    14  stm32f4xx_rcc.o(.text)
    RCC_PLLI2SCmd                            0x08001f59   Thumb Code     6  stm32f4xx_rcc.o(.text)
    RCC_ClockSecuritySystemCmd               0x08001f5f   Thumb Code     6  stm32f4xx_rcc.o(.text)
    RCC_MCO1Config                           0x08001f65   Thumb Code    28  stm32f4xx_rcc.o(.text)
    RCC_MCO2Config                           0x08001f81   Thumb Code    28  stm32f4xx_rcc.o(.text)
    RCC_SYSCLKConfig                         0x08001f9d   Thumb Code    20  stm32f4xx_rcc.o(.text)
    RCC_GetSYSCLKSource                      0x08001fb1   Thumb Code    12  stm32f4xx_rcc.o(.text)
    RCC_HCLKConfig                           0x08001fbd   Thumb Code    20  stm32f4xx_rcc.o(.text)
    RCC_PCLK1Config                          0x08001fd1   Thumb Code    20  stm32f4xx_rcc.o(.text)
    RCC_PCLK2Config                          0x08001fe5   Thumb Code    22  stm32f4xx_rcc.o(.text)
    RCC_GetClocksFreq                        0x08001ffb   Thumb Code   222  stm32f4xx_rcc.o(.text)
    RCC_RTCCLKConfig                         0x080020d9   Thumb Code    54  stm32f4xx_rcc.o(.text)
    RCC_RTCCLKCmd                            0x0800210f   Thumb Code     8  stm32f4xx_rcc.o(.text)
    RCC_BackupResetCmd                       0x08002117   Thumb Code     8  stm32f4xx_rcc.o(.text)
    RCC_I2SCLKConfig                         0x0800211f   Thumb Code     6  stm32f4xx_rcc.o(.text)
    RCC_AHB1PeriphClockCmd                   0x08002125   Thumb Code    34  stm32f4xx_rcc.o(.text)
    RCC_AHB2PeriphClockCmd                   0x08002147   Thumb Code    34  stm32f4xx_rcc.o(.text)
    RCC_AHB3PeriphClockCmd                   0x08002169   Thumb Code    34  stm32f4xx_rcc.o(.text)
    RCC_APB1PeriphClockCmd                   0x0800218b   Thumb Code    34  stm32f4xx_rcc.o(.text)
    RCC_APB2PeriphClockCmd                   0x080021ad   Thumb Code    34  stm32f4xx_rcc.o(.text)
    RCC_AHB1PeriphResetCmd                   0x080021cf   Thumb Code    34  stm32f4xx_rcc.o(.text)
    RCC_AHB2PeriphResetCmd                   0x080021f1   Thumb Code    72  stm32f4xx_rcc.o(.text)
    RCC_AHB3PeriphResetCmd                   0x08002239   Thumb Code    34  stm32f4xx_rcc.o(.text)
    RCC_APB1PeriphResetCmd                   0x0800225b   Thumb Code    34  stm32f4xx_rcc.o(.text)
    RCC_APB2PeriphResetCmd                   0x0800227d   Thumb Code    34  stm32f4xx_rcc.o(.text)
    RCC_AHB1PeriphClockLPModeCmd             0x0800229f   Thumb Code    34  stm32f4xx_rcc.o(.text)
    RCC_AHB2PeriphClockLPModeCmd             0x080022c1   Thumb Code    34  stm32f4xx_rcc.o(.text)
    RCC_AHB3PeriphClockLPModeCmd             0x080022e3   Thumb Code    34  stm32f4xx_rcc.o(.text)
    RCC_APB1PeriphClockLPModeCmd             0x08002305   Thumb Code    34  stm32f4xx_rcc.o(.text)
    RCC_APB2PeriphClockLPModeCmd             0x08002327   Thumb Code    34  stm32f4xx_rcc.o(.text)
    RCC_ITConfig                             0x08002349   Thumb Code    34  stm32f4xx_rcc.o(.text)
    RCC_ClearFlag                            0x0800236b   Thumb Code    18  stm32f4xx_rcc.o(.text)
    RCC_GetITStatus                          0x0800237d   Thumb Code    22  stm32f4xx_rcc.o(.text)
    RCC_ClearITPendingBit                    0x08002393   Thumb Code     8  stm32f4xx_rcc.o(.text)
    TIM_DeInit                               0x080023a1   Thumb Code   346  stm32f4xx_tim.o(.text)
    TIM_TimeBaseInit                         0x080024fb   Thumb Code   104  stm32f4xx_tim.o(.text)
    TIM_TimeBaseStructInit                   0x08002563   Thumb Code    18  stm32f4xx_tim.o(.text)
    TIM_PrescalerConfig                      0x08002575   Thumb Code     6  stm32f4xx_tim.o(.text)
    TIM_CounterModeConfig                    0x0800257b   Thumb Code    18  stm32f4xx_tim.o(.text)
    TIM_SetCounter                           0x0800258d   Thumb Code     4  stm32f4xx_tim.o(.text)
    TIM_SetAutoreload                        0x08002591   Thumb Code     4  stm32f4xx_tim.o(.text)
    TIM_GetCounter                           0x08002595   Thumb Code     6  stm32f4xx_tim.o(.text)
    TIM_GetPrescaler                         0x0800259b   Thumb Code     6  stm32f4xx_tim.o(.text)
    TIM_UpdateDisableConfig                  0x080025a1   Thumb Code    24  stm32f4xx_tim.o(.text)
    TIM_UpdateRequestConfig                  0x080025b9   Thumb Code    24  stm32f4xx_tim.o(.text)
    TIM_ARRPreloadConfig                     0x080025d1   Thumb Code    24  stm32f4xx_tim.o(.text)
    TIM_SelectOnePulseMode                   0x080025e9   Thumb Code    18  stm32f4xx_tim.o(.text)
    TIM_SetClockDivision                     0x080025fb   Thumb Code    18  stm32f4xx_tim.o(.text)
    TIM_Cmd                                  0x0800260d   Thumb Code    24  stm32f4xx_tim.o(.text)
    TIM_OC1Init                              0x08002625   Thumb Code   114  stm32f4xx_tim.o(.text)
    TIM_OC2Init                              0x08002697   Thumb Code   154  stm32f4xx_tim.o(.text)
    TIM_OC3Init                              0x08002731   Thumb Code   204  stm32f4xx_tim.o(.text)
    TIM_OC4Init                              0x080027fd   Thumb Code   112  stm32f4xx_tim.o(.text)
    TIM_OCStructInit                         0x0800286d   Thumb Code    20  stm32f4xx_tim.o(.text)
    TIM_SelectOCxM                           0x08002881   Thumb Code    86  stm32f4xx_tim.o(.text)
    TIM_SetCompare1                          0x080028d7   Thumb Code     4  stm32f4xx_tim.o(.text)
    TIM_SetCompare2                          0x080028db   Thumb Code     4  stm32f4xx_tim.o(.text)
    TIM_SetCompare3                          0x080028df   Thumb Code     4  stm32f4xx_tim.o(.text)
    TIM_SetCompare4                          0x080028e3   Thumb Code     4  stm32f4xx_tim.o(.text)
    TIM_ForcedOC1Config                      0x080028e7   Thumb Code    18  stm32f4xx_tim.o(.text)
    TIM_ForcedOC2Config                      0x080028f9   Thumb Code    26  stm32f4xx_tim.o(.text)
    TIM_ForcedOC3Config                      0x08002913   Thumb Code    18  stm32f4xx_tim.o(.text)
    TIM_ForcedOC4Config                      0x08002925   Thumb Code    26  stm32f4xx_tim.o(.text)
    TIM_OC1PreloadConfig                     0x0800293f   Thumb Code    18  stm32f4xx_tim.o(.text)
    TIM_OC2PreloadConfig                     0x08002951   Thumb Code    26  stm32f4xx_tim.o(.text)
    TIM_OC3PreloadConfig                     0x0800296b   Thumb Code    18  stm32f4xx_tim.o(.text)
    TIM_OC4PreloadConfig                     0x0800297d   Thumb Code    26  stm32f4xx_tim.o(.text)
    TIM_OC1FastConfig                        0x08002997   Thumb Code    18  stm32f4xx_tim.o(.text)
    TIM_OC2FastConfig                        0x080029a9   Thumb Code    26  stm32f4xx_tim.o(.text)
    TIM_OC3FastConfig                        0x080029c3   Thumb Code    18  stm32f4xx_tim.o(.text)
    TIM_OC4FastConfig                        0x080029d5   Thumb Code    26  stm32f4xx_tim.o(.text)
    TIM_ClearOC1Ref                          0x080029ef   Thumb Code    18  stm32f4xx_tim.o(.text)
    TIM_ClearOC2Ref                          0x08002a01   Thumb Code    24  stm32f4xx_tim.o(.text)
    TIM_ClearOC3Ref                          0x08002a19   Thumb Code    18  stm32f4xx_tim.o(.text)
    TIM_ClearOC4Ref                          0x08002a2b   Thumb Code    24  stm32f4xx_tim.o(.text)
    TIM_OC1PolarityConfig                    0x08002a43   Thumb Code    18  stm32f4xx_tim.o(.text)
    TIM_OC1NPolarityConfig                   0x08002a55   Thumb Code    18  stm32f4xx_tim.o(.text)
    TIM_OC2PolarityConfig                    0x08002a67   Thumb Code    26  stm32f4xx_tim.o(.text)
    TIM_OC2NPolarityConfig                   0x08002a81   Thumb Code    26  stm32f4xx_tim.o(.text)
    TIM_OC3PolarityConfig                    0x08002a9b   Thumb Code    26  stm32f4xx_tim.o(.text)
    TIM_OC3NPolarityConfig                   0x08002ab5   Thumb Code    26  stm32f4xx_tim.o(.text)
    TIM_OC4PolarityConfig                    0x08002acf   Thumb Code    26  stm32f4xx_tim.o(.text)
    TIM_CCxCmd                               0x08002ae9   Thumb Code    30  stm32f4xx_tim.o(.text)
    TIM_CCxNCmd                              0x08002b07   Thumb Code    30  stm32f4xx_tim.o(.text)
    TIM_SetIC4Prescaler                      0x08002b25   Thumb Code    26  stm32f4xx_tim.o(.text)
    TIM_SetIC3Prescaler                      0x08002b8f   Thumb Code    18  stm32f4xx_tim.o(.text)
    TIM_SetIC2Prescaler                      0x08002be9   Thumb Code    26  stm32f4xx_tim.o(.text)
    TIM_SetIC1Prescaler                      0x08002c5d   Thumb Code    18  stm32f4xx_tim.o(.text)
    TIM_ICInit                               0x08002ca9   Thumb Code   110  stm32f4xx_tim.o(.text)
    TIM_ICStructInit                         0x08002d17   Thumb Code    18  stm32f4xx_tim.o(.text)
    TIM_PWMIConfig                           0x08002d29   Thumb Code   124  stm32f4xx_tim.o(.text)
    TIM_GetCapture1                          0x08002da5   Thumb Code     6  stm32f4xx_tim.o(.text)
    TIM_GetCapture2                          0x08002dab   Thumb Code     6  stm32f4xx_tim.o(.text)
    TIM_GetCapture3                          0x08002db1   Thumb Code     6  stm32f4xx_tim.o(.text)
    TIM_GetCapture4                          0x08002db7   Thumb Code     6  stm32f4xx_tim.o(.text)
    TIM_BDTRConfig                           0x08002dbd   Thumb Code    32  stm32f4xx_tim.o(.text)
    TIM_BDTRStructInit                       0x08002ddd   Thumb Code    18  stm32f4xx_tim.o(.text)
    TIM_CtrlPWMOutputs                       0x08002def   Thumb Code    30  stm32f4xx_tim.o(.text)
    TIM_SelectCOM                            0x08002e0d   Thumb Code    24  stm32f4xx_tim.o(.text)
    TIM_CCPreloadControl                     0x08002e25   Thumb Code    24  stm32f4xx_tim.o(.text)
    TIM_ITConfig                             0x08002e3d   Thumb Code    18  stm32f4xx_tim.o(.text)
    TIM_GenerateEvent                        0x08002e4f   Thumb Code     4  stm32f4xx_tim.o(.text)
    TIM_GetFlagStatus                        0x08002e53   Thumb Code    18  stm32f4xx_tim.o(.text)
    TIM_ClearFlag                            0x08002e65   Thumb Code     6  stm32f4xx_tim.o(.text)
    TIM_GetITStatus                          0x08002e6b   Thumb Code    34  stm32f4xx_tim.o(.text)
    TIM_ClearITPendingBit                    0x08002e8d   Thumb Code     6  stm32f4xx_tim.o(.text)
    TIM_DMAConfig                            0x08002e93   Thumb Code    10  stm32f4xx_tim.o(.text)
    TIM_DMACmd                               0x08002e9d   Thumb Code    18  stm32f4xx_tim.o(.text)
    TIM_SelectCCDMA                          0x08002eaf   Thumb Code    24  stm32f4xx_tim.o(.text)
    TIM_InternalClockConfig                  0x08002ec7   Thumb Code    12  stm32f4xx_tim.o(.text)
    TIM_SelectInputTrigger                   0x08002ed3   Thumb Code    18  stm32f4xx_tim.o(.text)
    TIM_ITRxExternalClockConfig              0x08002ee5   Thumb Code    24  stm32f4xx_tim.o(.text)
    TIM_TIxExternalClockConfig               0x08002efd   Thumb Code    62  stm32f4xx_tim.o(.text)
    TIM_ETRConfig                            0x08002f3b   Thumb Code    28  stm32f4xx_tim.o(.text)
    TIM_ETRClockMode1Config                  0x08002f57   Thumb Code    54  stm32f4xx_tim.o(.text)
    TIM_ETRClockMode2Config                  0x08002f8d   Thumb Code    32  stm32f4xx_tim.o(.text)
    TIM_SelectOutputTrigger                  0x08002fad   Thumb Code    18  stm32f4xx_tim.o(.text)
    TIM_SelectSlaveMode                      0x08002fbf   Thumb Code    18  stm32f4xx_tim.o(.text)
    TIM_SelectMasterSlaveMode                0x08002fd1   Thumb Code    18  stm32f4xx_tim.o(.text)
    TIM_EncoderInterfaceConfig               0x08002fe3   Thumb Code    66  stm32f4xx_tim.o(.text)
    TIM_SelectHallSensor                     0x08003025   Thumb Code    24  stm32f4xx_tim.o(.text)
    TIM_RemapConfig                          0x0800303d   Thumb Code     6  stm32f4xx_tim.o(.text)
    USART_DeInit                             0x08003045   Thumb Code   156  stm32f4xx_usart.o(.text)
    USART_Init                               0x080030e1   Thumb Code   204  stm32f4xx_usart.o(.text)
    USART_StructInit                         0x080031ad   Thumb Code    24  stm32f4xx_usart.o(.text)
    USART_ClockInit                          0x080031c5   Thumb Code    32  stm32f4xx_usart.o(.text)
    USART_ClockStructInit                    0x080031e5   Thumb Code    12  stm32f4xx_usart.o(.text)
    USART_Cmd                                0x080031f1   Thumb Code    24  stm32f4xx_usart.o(.text)
    USART_SetPrescaler                       0x08003209   Thumb Code    16  stm32f4xx_usart.o(.text)
    USART_OverSampling8Cmd                   0x08003219   Thumb Code    22  stm32f4xx_usart.o(.text)
    USART_OneBitMethodCmd                    0x0800322f   Thumb Code    24  stm32f4xx_usart.o(.text)
    USART_SendData                           0x08003247   Thumb Code     8  stm32f4xx_usart.o(.text)
    USART_ReceiveData                        0x0800324f   Thumb Code    10  stm32f4xx_usart.o(.text)
    USART_SetAddress                         0x08003259   Thumb Code    18  stm32f4xx_usart.o(.text)
    USART_ReceiverWakeUpCmd                  0x0800326b   Thumb Code    24  stm32f4xx_usart.o(.text)
    USART_WakeUpConfig                       0x08003283   Thumb Code    18  stm32f4xx_usart.o(.text)
    USART_LINBreakDetectLengthConfig         0x08003295   Thumb Code    18  stm32f4xx_usart.o(.text)
    USART_LINCmd                             0x080032a7   Thumb Code    24  stm32f4xx_usart.o(.text)
    USART_SendBreak                          0x080032bf   Thumb Code    10  stm32f4xx_usart.o(.text)
    USART_HalfDuplexCmd                      0x080032c9   Thumb Code    24  stm32f4xx_usart.o(.text)
    USART_SetGuardTime                       0x080032e1   Thumb Code    16  stm32f4xx_usart.o(.text)
    USART_SmartCardCmd                       0x080032f1   Thumb Code    24  stm32f4xx_usart.o(.text)
    USART_SmartCardNACKCmd                   0x08003309   Thumb Code    24  stm32f4xx_usart.o(.text)
    USART_IrDAConfig                         0x08003321   Thumb Code    18  stm32f4xx_usart.o(.text)
    USART_IrDACmd                            0x08003333   Thumb Code    24  stm32f4xx_usart.o(.text)
    USART_DMACmd                             0x0800334b   Thumb Code    18  stm32f4xx_usart.o(.text)
    USART_ITConfig                           0x0800335d   Thumb Code    74  stm32f4xx_usart.o(.text)
    USART_GetFlagStatus                      0x080033a7   Thumb Code    26  stm32f4xx_usart.o(.text)
    USART_ClearFlag                          0x080033c1   Thumb Code    18  stm32f4xx_usart.o(.text)
    USART_GetITStatus                        0x080033d3   Thumb Code   110  stm32f4xx_usart.o(.text)
    USART_ClearITPendingBit                  0x08003441   Thumb Code    30  stm32f4xx_usart.o(.text)
    SystemInit                               0x0800353b   Thumb Code    74  system_stm32f4xx.o(.text)
    SystemCoreClockUpdate                    0x08003585   Thumb Code   174  system_stm32f4xx.o(.text)
    TIM_Mode_Config                          0x08003661   Thumb Code   302  counter.o(.text)
    TIM3_Mode_Config                         0x0800378f   Thumb Code   110  counter.o(.text)
    LCD_WR_REG                               0x08003811   Thumb Code     6  lcd.o(.text)
    LCD_WR_DATA                              0x08003817   Thumb Code     8  lcd.o(.text)
    LCD_RD_DATA                              0x0800381f   Thumb Code     8  lcd.o(.text)
    LCD_WriteReg                             0x08003827   Thumb Code    10  lcd.o(.text)
    LCD_ReadReg                              0x08003831   Thumb Code    22  lcd.o(.text)
    LCD_WriteRAM_Prepare                     0x08003847   Thumb Code    10  lcd.o(.text)
    LCD_WriteRAM                             0x08003851   Thumb Code     8  lcd.o(.text)
    LCD_BGR2RGB                              0x08003859   Thumb Code    26  lcd.o(.text)
    opt_delay                                0x08003873   Thumb Code    14  lcd.o(.text)
    LCD_SetCursor                            0x08003881   Thumb Code   112  lcd.o(.text)
    LCD_ReadPoint                            0x080038f1   Thumb Code   278  lcd.o(.text)
    LCD_DisplayOn                            0x08003a07   Thumb Code    46  lcd.o(.text)
    LCD_DisplayOff                           0x08003a35   Thumb Code    44  lcd.o(.text)
    LCD_Scan_Dir                             0x08003a61   Thumb Code   464  lcd.o(.text)
    LCD_DrawPoint                            0x08003c31   Thumb Code    28  lcd.o(.text)
    LCD_Fast_DrawPoint                       0x08003c4d   Thumb Code   128  lcd.o(.text)
    LCD_Display_Dir                          0x08003ccd   Thumb Code   238  lcd.o(.text)
    LCD_Clear                                0x08003dbb   Thumb Code    42  lcd.o(.text)
    LCD_Init                                 0x08003de5   Thumb Code  6496  lcd.o(.text)
    LCD_Fill                                 0x08005745   Thumb Code    80  lcd.o(.text)
    LCD_Color_Fill                           0x08005795   Thumb Code    92  lcd.o(.text)
    LCD_DrawLine                             0x080057f1   Thumb Code   188  lcd.o(.text)
    LCD_DrawRectangle                        0x080058ad   Thumb Code    60  lcd.o(.text)
    Draw_Circle                              0x080058e9   Thumb Code   152  lcd.o(.text)
    LCD_ShowChar                             0x08005981   Thumb Code   340  lcd.o(.text)
    LCD_Pow                                  0x08005ad5   Thumb Code    22  lcd.o(.text)
    LCD_ShowNum                              0x08005aeb   Thumb Code   148  lcd.o(.text)
    LCD_ShowxNum                             0x08005b7f   Thumb Code   190  lcd.o(.text)
    LCD_ShowString                           0x08005c3d   Thumb Code   102  lcd.o(.text)
    fputc                                    0x08005cb9   Thumb Code    32  myfunction.o(.text)
    delay_init                               0x08005cd9   Thumb Code    88  myfunction.o(.text)
    delay_us                                 0x08005d31   Thumb Code    20  myfunction.o(.text)
    delay_ms                                 0x08005d45   Thumb Code    26  myfunction.o(.text)
    TimingDelay_Decrement                    0x08005d5f   Thumb Code    18  myfunction.o(.text)
    RCC_Config                               0x08005d89   Thumb Code   134  system_config.o(.text)
    USART_Config                             0x08005e15   Thumb Code   162  usart_config.o(.text)
    USART_printf                             0x08005f19   Thumb Code   262  usart_config.o(.text)
    ADC_INIT                                 0x08006029   Thumb Code   308  adc.o(.text)
    adcfilter_get                            0x0800615d   Thumb Code     4  adc.o(.text)
    comple_filter                            0x08006171   Thumb Code   122  filter.o(.text)
    filter_init                              0x080061eb   Thumb Code    72  filter.o(.text)
    equal                                    0x08006233   Thumb Code    22  filter.o(.text)
    filter_input                             0x08006249   Thumb Code   304  filter.o(.text)
    adcfilter_getCurrent                     0x08006379   Thumb Code     4  filter.o(.text)
    pid_init                                 0x080063a1   Thumb Code    14  pid.o(.text)
    pid_iterate                              0x080063af   Thumb Code   144  pid.o(.text)
    __aeabi_memset                           0x08006465   Thumb Code    14  memseta.o(.text)
    __aeabi_memset4                          0x08006465   Thumb Code     0  memseta.o(.text)
    __aeabi_memset8                          0x08006465   Thumb Code     0  memseta.o(.text)
    __aeabi_memclr                           0x08006473   Thumb Code     4  memseta.o(.text)
    __aeabi_memclr4                          0x08006473   Thumb Code     0  memseta.o(.text)
    __aeabi_memclr8                          0x08006473   Thumb Code     0  memseta.o(.text)
    _memset$wrapper                          0x08006477   Thumb Code    18  memseta.o(.text)
    __aeabi_fadd                             0x08006489   Thumb Code   164  fadd.o(.text)
    __aeabi_fsub                             0x0800652d   Thumb Code     6  fadd.o(.text)
    __aeabi_frsub                            0x08006533   Thumb Code     6  fadd.o(.text)
    __aeabi_fmul                             0x08006539   Thumb Code   108  fmul.o(.text)
    __aeabi_dadd                             0x080065a5   Thumb Code   322  dadd.o(.text)
    __aeabi_dsub                             0x080066e7   Thumb Code     6  dadd.o(.text)
    __aeabi_drsub                            0x080066ed   Thumb Code     6  dadd.o(.text)
    __aeabi_dmul                             0x080066f3   Thumb Code   228  dmul.o(.text)
    __aeabi_i2f                              0x080067d7   Thumb Code    18  fflti.o(.text)
    __aeabi_ui2f                             0x080067e9   Thumb Code    10  ffltui.o(.text)
    __aeabi_i2d                              0x080067f3   Thumb Code    34  dflti.o(.text)
    __aeabi_ui2d                             0x08006815   Thumb Code    26  dfltui.o(.text)
    __aeabi_f2iz                             0x0800682f   Thumb Code    50  ffixi.o(.text)
    __aeabi_f2uiz                            0x08006861   Thumb Code    40  ffixui.o(.text)
    __aeabi_d2uiz                            0x08006889   Thumb Code    50  dfixui.o(.text)
    __aeabi_f2d                              0x080068bb   Thumb Code    38  f2d.o(.text)
    __aeabi_cdcmpeq                          0x080068e1   Thumb Code     0  cdcmple.o(.text)
    __aeabi_cdcmple                          0x080068e1   Thumb Code    38  cdcmple.o(.text)
    __aeabi_cdrcmple                         0x08006909   Thumb Code    38  cdrcmple.o(.text)
    __aeabi_uldivmod                         0x08006931   Thumb Code    98  uldiv.o(.text)
    __aeabi_llsl                             0x08006993   Thumb Code    30  llshl.o(.text)
    _ll_shift_l                              0x08006993   Thumb Code     0  llshl.o(.text)
    __aeabi_llsr                             0x080069b1   Thumb Code    32  llushr.o(.text)
    _ll_ushift_r                             0x080069b1   Thumb Code     0  llushr.o(.text)
    __aeabi_lasr                             0x080069d1   Thumb Code    36  llsshr.o(.text)
    _ll_sshift_r                             0x080069d1   Thumb Code     0  llsshr.o(.text)
    __I$use$fp                               0x080069f5   Thumb Code     0  iusefp.o(.text)
    _float_round                             0x080069f5   Thumb Code    18  fepilogue.o(.text)
    _float_epilogue                          0x08006a07   Thumb Code    90  fepilogue.o(.text)
    _double_round                            0x08006a61   Thumb Code    26  depilogue.o(.text)
    _double_epilogue                         0x08006a7b   Thumb Code   164  depilogue.o(.text)
    __scatterload                            0x08006b21   Thumb Code    28  init.o(.text)
    __scatterload_rt2                        0x08006b21   Thumb Code     0  init.o(.text)
    __0printf$5                              0x08006b45   Thumb Code    22  printf5.o(i.__0printf$5)
    __1printf$5                              0x08006b45   Thumb Code     0  printf5.o(i.__0printf$5)
    __2printf                                0x08006b45   Thumb Code     0  printf5.o(i.__0printf$5)
    __scatterload_copy                       0x08006b65   Thumb Code    14  handlers.o(i.__scatterload_copy)
    __scatterload_null                       0x08006b73   Thumb Code     2  handlers.o(i.__scatterload_null)
    __scatterload_zeroinit                   0x08006b75   Thumb Code    14  handlers.o(i.__scatterload_zeroinit)
    font6x8                                  0x08006e44   Data         552  main.o(.constdata)
    shuzi                                    0x0800706c   Data         752  main.o(.constdata)
    asc2_1206                                0x0800735c   Data        1140  lcd.o(.constdata)
    asc2_1608                                0x080077d0   Data        1520  lcd.o(.constdata)
    Region$$Table$$Base                      0x08007dc0   Number         0  anon$$obj.o(Region$$Table)
    Region$$Table$$Limit                     0x08007de0   Number         0  anon$$obj.o(Region$$Table)
    speedL_accumulate                        0x20000000   Data           4  main.o(.data)
    speedR_accumulate                        0x20000004   Data           4  main.o(.data)
    P_angle                                  0x20000008   Data           4  main.o(.data)
    D_angle                                  0x2000000c   Data           4  main.o(.data)
    P_speed                                  0x20000010   Data           4  main.o(.data)
    D_speed                                  0x20000014   Data           4  main.o(.data)
    velocity                                 0x20000018   Data           4  main.o(.data)
    OutputL                                  0x2000001c   Data           4  main.o(.data)
    OutputR                                  0x20000020   Data           4  main.o(.data)
    SystemCoreClock                          0x20000034   Data           4  system_stm32f4xx.o(.data)
    AHBPrescTable                            0x20000038   Data          16  system_stm32f4xx.o(.data)
    POINT_COLOR                              0x20000048   Data           2  lcd.o(.data)
    BACK_COLOR                               0x2000004a   Data           2  lcd.o(.data)
    __stdout                                 0x2000005c   Data           4  stdout.o(.data)
    lcddev                                   0x20000060   Data          10  lcd.o(.bss)
    adc                                      0x2000006a   Data          10  adc.o(.bss)
    pid                                      0x20000120   Data          12  pid.o(.bss)
    __initial_sp                             0x20000530   Data           0  startup_stm32f4xx.o(STACK)



==============================================================================

Memory Map of the image

  Image Entry point : 0x08000189

  Load Region LR_IROM1 (Base: 0x08000000, Size: 0x00007e40, Max: 0x00100000, ABSOLUTE)

    Execution Region ER_IROM1 (Base: 0x08000000, Size: 0x00007de0, Max: 0x00100000, ABSOLUTE)

    Base Addr    Size         Type   Attr      Idx    E Section Name        Object

    0x08000000   0x00000188   Data   RO            3    RESET               startup_stm32f4xx.o
    0x08000188   0x00000000   Code   RO         1068  * .ARM.Collect$$$$00000000  mc_w.l(entry.o)
    0x08000188   0x00000004   Code   RO         1362    .ARM.Collect$$$$00000001  mc_w.l(entry2.o)
    0x0800018c   0x00000004   Code   RO         1365    .ARM.Collect$$$$00000004  mc_w.l(entry5.o)
    0x08000190   0x00000000   Code   RO         1367    .ARM.Collect$$$$00000008  mc_w.l(entry7b.o)
    0x08000190   0x00000000   Code   RO         1369    .ARM.Collect$$$$0000000A  mc_w.l(entry8b.o)
    0x08000190   0x00000008   Code   RO         1370    .ARM.Collect$$$$0000000B  mc_w.l(entry9a.o)
    0x08000198   0x00000000   Code   RO         1372    .ARM.Collect$$$$0000000D  mc_w.l(entry10a.o)
    0x08000198   0x00000000   Code   RO         1374    .ARM.Collect$$$$0000000F  mc_w.l(entry11a.o)
    0x08000198   0x00000004   Code   RO         1363    .ARM.Collect$$$$00002712  mc_w.l(entry2.o)
    0x0800019c   0x00000024   Code   RO            4    .text               startup_stm32f4xx.o
    0x080001c0   0x00000ac8   Code   RO           12    .text               main.o
    0x08000c88   0x00000020   Code   RO          182    .text               stm32f4xx_it.o
    0x08000ca8   0x000000e4   Code   RO          205    .text               misc.o
    0x08000d8c   0x00000470   Code   RO          225    .text               stm32f4xx_adc.o
    0x080011fc   0x000003a4   Code   RO          425    .text               stm32f4xx_dma.o
    0x080015a0   0x0000061c   Code   RO          485    .text               stm32f4xx_fsmc.o
    0x08001bbc   0x0000025c   Code   RO          505    .text               stm32f4xx_gpio.o
    0x08001e18   0x00000588   Code   RO          645    .text               stm32f4xx_rcc.o
    0x080023a0   0x00000ca2   Code   RO          767    .text               stm32f4xx_tim.o
    0x08003042   0x00000002   PAD
    0x08003044   0x0000041a   Code   RO          787    .text               stm32f4xx_usart.o
    0x0800345e   0x00000002   PAD
    0x08003460   0x00000200   Code   RO          827    .text               system_stm32f4xx.o
    0x08003660   0x000001b0   Code   RO          876    .text               counter.o
    0x08003810   0x000024a8   Code   RO          896    .text               lcd.o
    0x08005cb8   0x000000d0   Code   RO          927    .text               myfunction.o
    0x08005d88   0x0000008c   Code   RO          953    .text               system_config.o
    0x08005e14   0x00000214   Code   RO          973    .text               usart_config.o
    0x08006028   0x00000148   Code   RO         1000    .text               adc.o
    0x08006170   0x00000230   Code   RO         1023    .text               filter.o
    0x080063a0   0x000000c4   Code   RO         1046    .text               pid.o
    0x08006464   0x00000024   Code   RO         1071    .text               mc_w.l(memseta.o)
    0x08006488   0x000000b0   Code   RO         1334    .text               mf_w.l(fadd.o)
    0x08006538   0x0000006c   Code   RO         1336    .text               mf_w.l(fmul.o)
    0x080065a4   0x0000014e   Code   RO         1338    .text               mf_w.l(dadd.o)
    0x080066f2   0x000000e4   Code   RO         1340    .text               mf_w.l(dmul.o)
    0x080067d6   0x00000012   Code   RO         1342    .text               mf_w.l(fflti.o)
    0x080067e8   0x0000000a   Code   RO         1344    .text               mf_w.l(ffltui.o)
    0x080067f2   0x00000022   Code   RO         1346    .text               mf_w.l(dflti.o)
    0x08006814   0x0000001a   Code   RO         1348    .text               mf_w.l(dfltui.o)
    0x0800682e   0x00000032   Code   RO         1350    .text               mf_w.l(ffixi.o)
    0x08006860   0x00000028   Code   RO         1352    .text               mf_w.l(ffixui.o)
    0x08006888   0x00000032   Code   RO         1354    .text               mf_w.l(dfixui.o)
    0x080068ba   0x00000026   Code   RO         1356    .text               mf_w.l(f2d.o)
    0x080068e0   0x00000028   Code   RO         1358    .text               mf_w.l(cdcmple.o)
    0x08006908   0x00000028   Code   RO         1360    .text               mf_w.l(cdrcmple.o)
    0x08006930   0x00000062   Code   RO         1379    .text               mc_w.l(uldiv.o)
    0x08006992   0x0000001e   Code   RO         1381    .text               mc_w.l(llshl.o)
    0x080069b0   0x00000020   Code   RO         1383    .text               mc_w.l(llushr.o)
    0x080069d0   0x00000024   Code   RO         1385    .text               mc_w.l(llsshr.o)
    0x080069f4   0x00000000   Code   RO         1387    .text               mc_w.l(iusefp.o)
    0x080069f4   0x0000006c   Code   RO         1388    .text               mf_w.l(fepilogue.o)
    0x08006a60   0x000000be   Code   RO         1390    .text               mf_w.l(depilogue.o)
    0x08006b1e   0x00000002   PAD
    0x08006b20   0x00000024   Code   RO         1396    .text               mc_w.l(init.o)
    0x08006b44   0x00000020   Code   RO         1206    i.__0printf$5       mc_w.l(printf5.o)
    0x08006b64   0x0000000e   Code   RO         1400    i.__scatterload_copy  mc_w.l(handlers.o)
    0x08006b72   0x00000002   Code   RO         1401    i.__scatterload_null  mc_w.l(handlers.o)
    0x08006b74   0x0000000e   Code   RO         1402    i.__scatterload_zeroinit  mc_w.l(handlers.o)
    0x08006b82   0x00000002   PAD
    0x08006b84   0x000002c0   Code   RO         1213    i._printf_core      mc_w.l(printf5.o)
    0x08006e44   0x00000518   Data   RO           13    .constdata          main.o
    0x0800735c   0x00000a64   Data   RO          898    .constdata          lcd.o
    0x08007dc0   0x00000020   Data   RO         1398    Region$$Table       anon$$obj.o


    Execution Region RW_IRAM1 (Base: 0x20000000, Size: 0x00000530, Max: 0x00020000, ABSOLUTE)

    Base Addr    Size         Type   Attr      Idx    E Section Name        Object

    0x20000000   0x00000024   Data   RW           14    .data               main.o
    0x20000024   0x00000010   Data   RW          646    .data               stm32f4xx_rcc.o
    0x20000034   0x00000014   Data   RW          828    .data               system_stm32f4xx.o
    0x20000048   0x00000004   Data   RW          899    .data               lcd.o
    0x2000004c   0x00000004   Data   RW          928    .data               myfunction.o
    0x20000050   0x00000003   Data   RW         1025    .data               filter.o
    0x20000053   0x00000001   PAD
    0x20000054   0x00000008   Data   RW         1048    .data               pid.o
    0x2000005c   0x00000004   Data   RW         1376    .data               mc_w.l(stdout.o)
    0x20000060   0x0000000a   Zero   RW          897    .bss                lcd.o
    0x2000006a   0x0000000a   Zero   RW         1001    .bss                adc.o
    0x20000074   0x000000aa   Zero   RW         1024    .bss                filter.o
    0x2000011e   0x00000002   PAD
    0x20000120   0x0000000c   Zero   RW         1047    .bss                pid.o
    0x2000012c   0x00000004   PAD
    0x20000130   0x00000400   Zero   RW            1    STACK               startup_stm32f4xx.o


==============================================================================

Image component sizes


      Code (inc. data)   RO Data    RW Data    ZI Data      Debug   Object Name

       328         16          0          0         10       1319   adc.o
       432         20          0          0          0        983   counter.o
       560         36          0          3        170       2016   filter.o
      9384        124       2660          4         10      15812   lcd.o
      2760        110       1304         36          0     304539   main.o
       228         22          0          0          0       1701   misc.o
       208         24          0          4          0      28130   myfunction.o
       196         38          0          8         12       1253   pid.o
        36          8        392          0       1024        776   startup_stm32f4xx.o
      1136         28          0          0          0      10174   stm32f4xx_adc.o
       932         32          0          0          0       6133   stm32f4xx_dma.o
      1564         58          0          0          0       5247   stm32f4xx_fsmc.o
       604         36          0          0          0       3801   stm32f4xx_gpio.o
        32          0          0          0          0       1254   stm32f4xx_it.o
      1416         48          0         16          0      10719   stm32f4xx_rcc.o
      3234         60          0          0          0      22036   stm32f4xx_tim.o
      1050         26          0          0          0       7508   stm32f4xx_usart.o
       140          6          0          0          0        501   system_config.o
       512         46          0         20          0       1611   system_stm32f4xx.o
       532         10          0          0          0       2440   usart_config.o

    ----------------------------------------------------------------------
     25288        748       4388         92       1232     427953   Object Totals
         0          0         32          0          0          0   (incl. Generated)
         4          0          0          1          6          0   (incl. Padding)

    ----------------------------------------------------------------------

      Code (inc. data)   RO Data    RW Data    ZI Data      Debug   Library Member Name

         0          0          0          0          0          0   entry.o
         0          0          0          0          0          0   entry10a.o
         0          0          0          0          0          0   entry11a.o
         8          4          0          0          0          0   entry2.o
         4          0          0          0          0          0   entry5.o
         0          0          0          0          0          0   entry7b.o
         0          0          0          0          0          0   entry8b.o
         8          4          0          0          0          0   entry9a.o
        30          0          0          0          0          0   handlers.o
        36          8          0          0          0         68   init.o
         0          0          0          0          0          0   iusefp.o
        30          0          0          0          0         68   llshl.o
        36          0          0          0          0         68   llsshr.o
        32          0          0          0          0         68   llushr.o
        36          0          0          0          0        108   memseta.o
       736         56          0          0          0        184   printf5.o
         0          0          0          4          0          0   stdout.o
        98          0          0          0          0         92   uldiv.o
        40          2          0          0          0         68   cdcmple.o
        40          2          0          0          0         68   cdrcmple.o
       334          0          0          0          0        148   dadd.o
       190          0          0          0          0        176   depilogue.o
        50          0          0          0          0         76   dfixui.o
        34          0          0          0          0         76   dflti.o
        26          0          0          0          0         76   dfltui.o
       228          0          0          0          0         96   dmul.o
        38          0          0          0          0         68   f2d.o
       176          0          0          0          0        140   fadd.o
       108          0          0          0          0        168   fepilogue.o
        50          0          0          0          0         68   ffixi.o
        40          0          0          0          0         68   ffixui.o
        18          0          0          0          0         68   fflti.o
        10          0          0          0          0         68   ffltui.o
       108          0          0          0          0         76   fmul.o

    ----------------------------------------------------------------------
      2548         76          0          4          0       2164   Library Totals
         4          0          0          0          0          0   (incl. Padding)

    ----------------------------------------------------------------------

      Code (inc. data)   RO Data    RW Data    ZI Data      Debug   Library Name

      1054         72          0          4          0        656   mc_w.l
      1490          4          0          0          0       1508   mf_w.l

    ----------------------------------------------------------------------
      2548         76          0          4          0       2164   Library Totals

    ----------------------------------------------------------------------

==============================================================================


      Code (inc. data)   RO Data    RW Data    ZI Data      Debug   

     27836        824       4388         96       1232     426841   Grand Totals
     27836        824       4388         96       1232     426841   ELF Image Totals
     27836        824       4388         96          0          0   ROM Totals

==============================================================================

    Total RO  Size (Code + RO Data)                32224 (  31.47kB)
    Total RW  Size (RW Data + ZI Data)              1328 (   1.30kB)
    Total ROM Size (Code + RO Data + RW Data)      32320 (  31.56kB)

==============================================================================

